Archive member included to satisfy reference by file (symbol)

/opt/st/stm32cubeide_1.14.0/plugins/com.st.stm32cube.ide.mcu.externaltools.gnu-tools-for-stm32.11.3.rel1.linux64_1.1.100.202309141235/tools/bin/../lib/gcc/arm-none-eabi/11.3.1/../../../../arm-none-eabi/lib/thumb/v7e-m+fp/hard/libc_nano.a(libc_a-exit.o)
                              /opt/st/stm32cubeide_1.14.0/plugins/com.st.stm32cube.ide.mcu.externaltools.gnu-tools-for-stm32.11.3.rel1.linux64_1.1.100.202309141235/tools/bin/../lib/gcc/arm-none-eabi/11.3.1/../../../../arm-none-eabi/lib/thumb/v7e-m+fp/hard/crt0.o (exit)
/opt/st/stm32cubeide_1.14.0/plugins/com.st.stm32cube.ide.mcu.externaltools.gnu-tools-for-stm32.11.3.rel1.linux64_1.1.100.202309141235/tools/bin/../lib/gcc/arm-none-eabi/11.3.1/../../../../arm-none-eabi/lib/thumb/v7e-m+fp/hard/libc_nano.a(libc_a-findfp.o)
                              /opt/st/stm32cubeide_1.14.0/plugins/com.st.stm32cube.ide.mcu.externaltools.gnu-tools-for-stm32.11.3.rel1.linux64_1.1.100.202309141235/tools/bin/../lib/gcc/arm-none-eabi/11.3.1/../../../../arm-none-eabi/lib/thumb/v7e-m+fp/hard/libc_nano.a(libc_a-exit.o) (__stdio_exit_handler)
/opt/st/stm32cubeide_1.14.0/plugins/com.st.stm32cube.ide.mcu.externaltools.gnu-tools-for-stm32.11.3.rel1.linux64_1.1.100.202309141235/tools/bin/../lib/gcc/arm-none-eabi/11.3.1/../../../../arm-none-eabi/lib/thumb/v7e-m+fp/hard/libc_nano.a(libc_a-fwalk.o)
                              /opt/st/stm32cubeide_1.14.0/plugins/com.st.stm32cube.ide.mcu.externaltools.gnu-tools-for-stm32.11.3.rel1.linux64_1.1.100.202309141235/tools/bin/../lib/gcc/arm-none-eabi/11.3.1/../../../../arm-none-eabi/lib/thumb/v7e-m+fp/hard/libc_nano.a(libc_a-findfp.o) (_fwalk_sglue)
/opt/st/stm32cubeide_1.14.0/plugins/com.st.stm32cube.ide.mcu.externaltools.gnu-tools-for-stm32.11.3.rel1.linux64_1.1.100.202309141235/tools/bin/../lib/gcc/arm-none-eabi/11.3.1/../../../../arm-none-eabi/lib/thumb/v7e-m+fp/hard/libc_nano.a(libc_a-stdio.o)
                              /opt/st/stm32cubeide_1.14.0/plugins/com.st.stm32cube.ide.mcu.externaltools.gnu-tools-for-stm32.11.3.rel1.linux64_1.1.100.202309141235/tools/bin/../lib/gcc/arm-none-eabi/11.3.1/../../../../arm-none-eabi/lib/thumb/v7e-m+fp/hard/libc_nano.a(libc_a-findfp.o) (__sread)
/opt/st/stm32cubeide_1.14.0/plugins/com.st.stm32cube.ide.mcu.externaltools.gnu-tools-for-stm32.11.3.rel1.linux64_1.1.100.202309141235/tools/bin/../lib/gcc/arm-none-eabi/11.3.1/../../../../arm-none-eabi/lib/thumb/v7e-m+fp/hard/libc_nano.a(libc_a-memset.o)
                              /opt/st/stm32cubeide_1.14.0/plugins/com.st.stm32cube.ide.mcu.externaltools.gnu-tools-for-stm32.11.3.rel1.linux64_1.1.100.202309141235/tools/bin/../lib/gcc/arm-none-eabi/11.3.1/../../../../arm-none-eabi/lib/thumb/v7e-m+fp/hard/crt0.o (memset)
/opt/st/stm32cubeide_1.14.0/plugins/com.st.stm32cube.ide.mcu.externaltools.gnu-tools-for-stm32.11.3.rel1.linux64_1.1.100.202309141235/tools/bin/../lib/gcc/arm-none-eabi/11.3.1/../../../../arm-none-eabi/lib/thumb/v7e-m+fp/hard/libc_nano.a(libc_a-closer.o)
                              /opt/st/stm32cubeide_1.14.0/plugins/com.st.stm32cube.ide.mcu.externaltools.gnu-tools-for-stm32.11.3.rel1.linux64_1.1.100.202309141235/tools/bin/../lib/gcc/arm-none-eabi/11.3.1/../../../../arm-none-eabi/lib/thumb/v7e-m+fp/hard/libc_nano.a(libc_a-stdio.o) (_close_r)
/opt/st/stm32cubeide_1.14.0/plugins/com.st.stm32cube.ide.mcu.externaltools.gnu-tools-for-stm32.11.3.rel1.linux64_1.1.100.202309141235/tools/bin/../lib/gcc/arm-none-eabi/11.3.1/../../../../arm-none-eabi/lib/thumb/v7e-m+fp/hard/libc_nano.a(libc_a-reent.o)
                              /opt/st/stm32cubeide_1.14.0/plugins/com.st.stm32cube.ide.mcu.externaltools.gnu-tools-for-stm32.11.3.rel1.linux64_1.1.100.202309141235/tools/bin/../lib/gcc/arm-none-eabi/11.3.1/../../../../arm-none-eabi/lib/thumb/v7e-m+fp/hard/libc_nano.a(libc_a-closer.o) (errno)
/opt/st/stm32cubeide_1.14.0/plugins/com.st.stm32cube.ide.mcu.externaltools.gnu-tools-for-stm32.11.3.rel1.linux64_1.1.100.202309141235/tools/bin/../lib/gcc/arm-none-eabi/11.3.1/../../../../arm-none-eabi/lib/thumb/v7e-m+fp/hard/libc_nano.a(libc_a-impure.o)
                              /opt/st/stm32cubeide_1.14.0/plugins/com.st.stm32cube.ide.mcu.externaltools.gnu-tools-for-stm32.11.3.rel1.linux64_1.1.100.202309141235/tools/bin/../lib/gcc/arm-none-eabi/11.3.1/../../../../arm-none-eabi/lib/thumb/v7e-m+fp/hard/libc_nano.a(libc_a-reent.o) (_impure_ptr)
/opt/st/stm32cubeide_1.14.0/plugins/com.st.stm32cube.ide.mcu.externaltools.gnu-tools-for-stm32.11.3.rel1.linux64_1.1.100.202309141235/tools/bin/../lib/gcc/arm-none-eabi/11.3.1/../../../../arm-none-eabi/lib/thumb/v7e-m+fp/hard/libc_nano.a(libc_a-lseekr.o)
                              /opt/st/stm32cubeide_1.14.0/plugins/com.st.stm32cube.ide.mcu.externaltools.gnu-tools-for-stm32.11.3.rel1.linux64_1.1.100.202309141235/tools/bin/../lib/gcc/arm-none-eabi/11.3.1/../../../../arm-none-eabi/lib/thumb/v7e-m+fp/hard/libc_nano.a(libc_a-stdio.o) (_lseek_r)
[...]
Memory Configuration

Name             Origin             Length             Attributes
RAM              0x0000000020000000 0x0000000000020000 xrw
FLASH            0x0000000008000000 0x0000000000080000 xr
*default*        0x0000000000000000 0xffffffffffffffff

Linker script and memory map

LOAD /opt/st/stm32cubeide_1.14.0/plugins/com.st.stm32cube.ide.mcu.externaltools.gnu-tools-for-stm32.11.3.rel1.linux64_1.1.100.202309141235/tools/bin/../lib/gcc/arm-none-eabi/11.3.1/thumb/v7e-m+fp/hard/crti.o
LOAD /opt/st/stm32cubeide_1.14.0/plugins/com.st.stm32cube.ide.mcu.externaltools.gnu-tools-for-stm32.11.3.rel1.linux64_1.1.100.202309141235/tools/bin/../lib/gcc/arm-none-eabi/11.3.1/thumb/v7e-m+fp/hard/crtbegin.o
LOAD /opt/st/stm32cubeide_1.14.0/plugins/com.st.stm32cube.ide.mcu.externaltools.gnu-tools-for-stm32.11.3.rel1.linux64_1.1.100.202309141235/tools/bin/../lib/gcc/arm-none-eabi/11.3.1/../../../../arm-none-eabi/lib/thumb/v7e-m+fp/hard/crt0.o
LOAD ./Core/Src/PID.o
LOAD ./Core/Src/main.o
LOAD ./Core/Src/stm32f4xx_hal_msp.o
LOAD ./Core/Src/stm32f4xx_it.o
LOAD ./Core/Src/syscalls.o
LOAD ./Core/Src/sysmem.o
LOAD ./Core/Src/system_stm32f4xx.o
LOAD ./Core/Startup/startup_stm32f411ceux.o
LOAD ./Drivers/STM32F4xx_HAL_Driver/Src/stm32f4xx_hal.o
LOAD ./Drivers/STM32F4xx_HAL_Driver/Src/stm32f4xx_hal_adc.o
LOAD ./Drivers/STM32F4xx_HAL_Driver/Src/stm32f4xx_hal_adc_ex.o
LOAD ./Drivers/STM32F4xx_HAL_Driver/Src/stm32f4xx_hal_cortex.o
LOAD ./Drivers/STM32F4xx_HAL_Driver/Src/stm32f4xx_hal_dma.o
LOAD ./Drivers/STM32F4xx_HAL_Driver/Src/stm32f4xx_hal_dma_ex.o
LOAD ./Drivers/STM32F4xx_HAL_Driver/Src/stm32f4xx_hal_exti.o
LOAD ./Drivers/STM32F4xx_HAL_Driver/Src/stm32f4xx_hal_flash.o
LOAD ./Drivers/STM32F4xx_HAL_Driver/Src/stm32f4xx_hal_flash_ex.o
LOAD ./Drivers/STM32F4xx_HAL_Driver/Src/stm32f4xx_hal_flash_ramfunc.o
LOAD ./Drivers/STM32F4xx_HAL_Driver/Src/stm32f4xx_hal_gpio.o
LOAD ./Drivers/STM32F4xx_HAL_Driver/Src/stm32f4xx_hal_i2c.o
LOAD ./Drivers/STM32F4xx_HAL_Driver/Src/stm32f4xx_hal_i2c_ex.o
LOAD ./Drivers/STM32F4xx_HAL_Driver/Src/stm32f4xx_hal_pwr.o
LOAD ./Drivers/STM32F4xx_HAL_Driver/Src/stm32f4xx_hal_pwr_ex.o
LOAD ./Drivers/STM32F4xx_HAL_Driver/Src/stm32f4xx_hal_rcc.o
LOAD ./Drivers/STM32F4xx_HAL_Driver/Src/stm32f4xx_hal_rcc_ex.o
LOAD ./Drivers/STM32F4xx_HAL_Driver/Src/stm32f4xx_hal_tim.o
LOAD ./Drivers/STM32F4xx_HAL_Driver/Src/stm32f4xx_hal_tim_ex.o
LOAD ./Drivers/STM32F4xx_HAL_Driver/Src/stm32f4xx_hal_uart.o
LOAD ./Drivers/STM32F4xx_HAL_Driver/Src/stm32f4xx_ll_adc.o
START GROUP
LOAD /opt/st/stm32cubeide_1.14.0/plugins/com.st.stm32cube.ide.mcu.externaltools.gnu-tools-for-stm32.11.3.rel1.linux64_1.1.100.202309141235/tools/bin/../lib/gcc/arm-none-eabi/11.3.1/../../../../arm-none-eabi/lib/thumb/v7e-m+fp/hard/libc_nano.a
LOAD /opt/st/stm32cubeide_1.14.0/plugins/com.st.stm32cube.ide.mcu.externaltools.gnu-tools-for-stm32.11.3.rel1.linux64_1.1.100.202309141235/tools/bin/../lib/gcc/arm-none-eabi/11.3.1/../../../../arm-none-eabi/lib/thumb/v7e-m+fp/hard/libm.a
END GROUP
START GROUP
LOAD /opt/st/stm32cubeide_1.14.0/plugins/com.st.stm32cube.ide.mcu.externaltools.gnu-tools-for-stm32.11.3.rel1.linux64_1.1.100.202309141235/tools/bin/../lib/gcc/arm-none-eabi/11.3.1/thumb/v7e-m+fp/hard/libgcc.a
LOAD /opt/st/stm32cubeide_1.14.0/plugins/com.st.stm32cube.ide.mcu.externaltools.gnu-tools-for-stm32.11.3.rel1.linux64_1.1.100.202309141235/tools/bin/../lib/gcc/arm-none-eabi/11.3.1/../../../../arm-none-eabi/lib/thumb/v7e-m+fp/hard/libc_nano.a
END GROUP
START GROUP
LOAD /opt/st/stm32cubeide_1.14.0/plugins/com.st.stm32cube.ide.mcu.externaltools.gnu-tools-for-stm32.11.3.rel1.linux64_1.1.100.202309141235/tools/bin/../lib/gcc/arm-none-eabi/11.3.1/thumb/v7e-m+fp/hard/libgcc.a
LOAD /opt/st/stm32cubeide_1.14.0/plugins/com.st.stm32cube.ide.mcu.externaltools.gnu-tools-for-stm32.11.3.rel1.linux64_1.1.100.202309141235/tools/bin/../lib/gcc/arm-none-eabi/11.3.1/../../../../arm-none-eabi/lib/thumb/v7e-m+fp/hard/libc_nano.a
LOAD /opt/st/stm32cubeide_1.14.0/plugins/com.st.stm32cube.ide.mcu.externaltools.gnu-tools-for-stm32.11.3.rel1.linux64_1.1.100.202309141235/tools/bin/../lib/gcc/arm-none-eabi/11.3.1/../../../../arm-none-eabi/lib/thumb/v7e-m+fp/hard/libnosys.a
END GROUP
START GROUP
LOAD /opt/st/stm32cubeide_1.14.0/plugins/com.st.stm32cube.ide.mcu.externaltools.gnu-tools-for-stm32.11.3.rel1.linux64_1.1.100.202309141235/tools/bin/../lib/gcc/arm-none-eabi/11.3.1/thumb/v7e-m+fp/hard/libgcc.a
LOAD /opt/st/stm32cubeide_1.14.0/plugins/com.st.stm32cube.ide.mcu.externaltools.gnu-tools-for-stm32.11.3.rel1.linux64_1.1.100.202309141235/tools/bin/../lib/gcc/arm-none-eabi/11.3.1/../../../../arm-none-eabi/lib/thumb/v7e-m+fp/hard/libc_nano.a
LOAD /opt/st/stm32cubeide_1.14.0/plugins/com.st.stm32cube.ide.mcu.externaltools.gnu-tools-for-stm32.11.3.rel1.linux64_1.1.100.202309141235/tools/bin/../lib/gcc/arm-none-eabi/11.3.1/../../../../arm-none-eabi/lib/thumb/v7e-m+fp/hard/libnosys.a
END GROUP
LOAD /opt/st/stm32cubeide_1.14.0/plugins/com.st.stm32cube.ide.mcu.externaltools.gnu-tools-for-stm32.11.3.rel1.linux64_1.1.100.202309141235/tools/bin/../lib/gcc/arm-none-eabi/11.3.1/thumb/v7e-m+fp/hard/crtend.o
LOAD /opt/st/stm32cubeide_1.14.0/plugins/com.st.stm32cube.ide.mcu.externaltools.gnu-tools-for-stm32.11.3.rel1.linux64_1.1.100.202309141235/tools/bin/../lib/gcc/arm-none-eabi/11.3.1/thumb/v7e-m+fp/hard/crtn.o
                0x0000000020020000                _estack = (ORIGIN (RAM) + LENGTH (RAM))
                0x0000000000000200                _Min_Heap_Size = 0x200
                0x0000000000000400                _Min_Stack_Size = 0x400

.isr_vector     0x0000000008000000      0x198
                0x0000000008000000                . = ALIGN (0x4)
 *(.isr_vector)
 .isr_vector    0x0000000008000000      0x198 ./Core/Startup/startup_stm32f411ceux.o
                0x0000000008000000                g_pfnVectors
                0x0000000008000198                . = ALIGN (0x4)

.text           0x0000000008000198     0x6294
                0x0000000008000198                . = ALIGN (0x4)
 *(.text)
 .text          0x0000000008000198       0x40 /opt/st/stm32cubeide_1.14.0/plugins/com.st.stm32cube.ide.mcu.externaltools.gnu-tools-for-stm32.11.3.rel1.linux64_1.1.100.202309141235/tools/bin/../lib/gcc/arm-none-eabi/11.3.1/thumb/v7e-m+fp/hard/crtbegin.o
 .text          0x00000000080001d8      0x254 /opt/st/stm32cubeide_1.14.0/plugins/com.st.stm32cube.ide.mcu.externaltools.gnu-tools-for-stm32.11.3.rel1.linux64_1.1.100.202309141235/tools/bin/../lib/gcc/arm-none-eabi/11.3.1/thumb/v7e-m+fp/hard/libgcc.a(_arm_muldf3.o)
                0x00000000080001d8                __aeabi_dmul
                0x00000000080001d8                __muldf3
 .text          0x000000000800042c      0x378 /opt/st/stm32cubeide_1.14.0/plugins/com.st.stm32cube.ide.mcu.externaltools.gnu-tools-for-stm32.11.3.rel1.linux64_1.1.100.202309141235/tools/bin/../lib/gcc/arm-none-eabi/11.3.1/thumb/v7e-m+fp/hard/libgcc.a(_arm_addsubdf3.o)
                0x000000000800042c                __aeabi_drsub
                0x0000000008000434                __aeabi_dsub
                0x0000000008000434                __subdf3
                0x0000000008000438                __adddf3
                0x0000000008000438                __aeabi_dadd
                0x00000000080006b0                __aeabi_ui2d
                0x00000000080006b0                __floatunsidf
                0x00000000080006d0                __floatsidf
                0x00000000080006d0                __aeabi_i2d
                0x00000000080006f4                __extendsfdf2
                0x00000000080006f4                __aeabi_f2d
                0x0000000008000738                __aeabi_ul2d
                0x0000000008000738                __floatundidf
                0x0000000008000748                __floatdidf
                0x0000000008000748                __aeabi_l2d
 .text          0x00000000080007a4      0x110 /opt/st/stm32cubeide_1.14.0/plugins/com.st.stm32cube.ide.mcu.externaltools.gnu-tools-for-stm32.11.3.rel1.linux64_1.1.100.202309141235/tools/bin/../lib/gcc/arm-none-eabi/11.3.1/thumb/v7e-m+fp/hard/libgcc.a(_arm_cmpdf2.o)
                0x00000000080007a4                __gtdf2
                0x00000000080007a4                __gedf2
                0x00000000080007ac                __ltdf2
                0x00000000080007ac                __ledf2
                0x00000000080007b4                __cmpdf2
                0x00000000080007b4                __eqdf2
                0x00000000080007b4                __nedf2
                0x0000000008000830                __aeabi_cdrcmple
                0x0000000008000840                __aeabi_cdcmple
                0x0000000008000840                __aeabi_cdcmpeq
                0x0000000008000850                __aeabi_dcmpeq
                0x0000000008000864                __aeabi_dcmplt
                0x0000000008000878                __aeabi_dcmple
                0x000000000800088c                __aeabi_dcmpge
                0x00000000080008a0                __aeabi_dcmpgt
 .text          0x00000000080008b4       0xa0 /opt/st/stm32cubeide_1.14.0/plugins/com.st.stm32cube.ide.mcu.externaltools.gnu-tools-for-stm32.11.3.rel1.linux64_1.1.100.202309141235/tools/bin/../lib/gcc/arm-none-eabi/11.3.1/thumb/v7e-m+fp/hard/libgcc.a(_arm_truncdfsf2.o)
                0x00000000080008b4                __aeabi_d2f
                0x00000000080008b4                __truncdfsf2
 .text          0x0000000008000954       0x30 /opt/st/stm32cubeide_1.14.0/plugins/com.st.stm32cube.ide.mcu.externaltools.gnu-tools-for-stm32.11.3.rel1.linux64_1.1.100.202309141235/tools/bin/../lib/gcc/arm-none-eabi/11.3.1/thumb/v7e-m+fp/hard/libgcc.a(_aeabi_uldivmod.o)
                0x0000000008000954                __aeabi_uldivmod
 .text          0x0000000008000984      0x2c8 /opt/st/stm32cubeide_1.14.0/plugins/com.st.stm32cube.ide.mcu.externaltools.gnu-tools-for-stm32.11.3.rel1.linux64_1.1.100.202309141235/tools/bin/../lib/gcc/arm-none-eabi/11.3.1/thumb/v7e-m+fp/hard/libgcc.a(_udivmoddi4.o)
                0x0000000008000984                __udivmoddi4
 .text          0x0000000008000c4c        0x4 /opt/st/stm32cubeide_1.14.0/plugins/com.st.stm32cube.ide.mcu.externaltools.gnu-tools-for-stm32.11.3.rel1.linux64_1.1.100.202309141235/tools/bin/../lib/gcc/arm-none-eabi/11.3.1/thumb/v7e-m+fp/hard/libgcc.a(_dvmd_tls.o)
                0x0000000008000c4c                __aeabi_ldiv0
                0x0000000008000c4c                __aeabi_idiv0
 *(.text*)
 .text.pid_init
                0x0000000008000c50       0x46 ./Core/Src/PID.o
                0x0000000008000c50                pid_init
 .text.pid_reset
                0x0000000008000c96       0x20 ./Core/Src/PID.o
                0x0000000008000c96                pid_reset
 .text.pid_calculate
                0x0000000008000cb6       0xaa ./Core/Src/PID.o
                0x0000000008000cb6                pid_calculate
 .text.safetyCheck
                0x0000000008000d60       0x70 ./Core/Src/main.o
                0x0000000008000d60                safetyCheck
 .text.pressureMode
                0x0000000008000dd0       0xe4 ./Core/Src/main.o
                0x0000000008000dd0                pressureMode
 .text.main     0x0000000008000eb4       0xc4 ./Core/Src/main.o
                0x0000000008000eb4                main
 .text.SystemClock_Config
                0x0000000008000f78       0xbc ./Core/Src/main.o
                0x0000000008000f78                SystemClock_Config
 .text.MX_ADC1_Init
                0x0000000008001034       0xa4 ./Core/Src/main.o
 .text.MX_I2C3_Init
                0x00000000080010d8       0x5c ./Core/Src/main.o
 .text.MX_TIM10_Init
                0x0000000008001134       0x98 ./Core/Src/main.o
 .text.MX_TIM11_Init
                0x00000000080011cc       0x44 ./Core/Src/main.o
 .text.MX_USART1_UART_Init
                0x0000000008001210       0x54 ./Core/Src/main.o
 .text.MX_DMA_Init
                0x0000000008001264       0x40 ./Core/Src/main.o
 .text.MX_GPIO_Init
                0x00000000080012a4       0x84 ./Core/Src/main.o
 .text.HAL_TIM_PeriodElapsedCallback
                0x0000000008001328       0xa8 ./Core/Src/main.o
                0x0000000008001328                HAL_TIM_PeriodElapsedCallback
 .text.HAL_ADC_ConvCpltCallback
                0x00000000080013d0      0x128 ./Core/Src/main.o
                0x00000000080013d0                HAL_ADC_ConvCpltCallback
 .text.HAL_UART_TxCpltCallback
                0x00000000080014f8       0x5c ./Core/Src/main.o
                0x00000000080014f8                HAL_UART_TxCpltCallback
 .text.HAL_UART_RxCpltCallback
                0x0000000008001554       0x38 ./Core/Src/main.o
                0x0000000008001554                HAL_UART_RxCpltCallback
 .text.Error_Handler
                0x000000000800158c        0xa ./Core/Src/main.o
                0x000000000800158c                Error_Handler
 *fill*         0x0000000008001596        0x2 
 .text.HAL_MspInit
                0x0000000008001598       0x50 ./Core/Src/stm32f4xx_hal_msp.o
                0x0000000008001598                HAL_MspInit
 .text.HAL_ADC_MspInit
                0x00000000080015e8       0xf0 ./Core/Src/stm32f4xx_hal_msp.o
                0x00000000080015e8                HAL_ADC_MspInit
 .text.HAL_I2C_MspInit
                0x00000000080016d8       0xd0 ./Core/Src/stm32f4xx_hal_msp.o
                0x00000000080016d8                HAL_I2C_MspInit
 .text.HAL_TIM_Base_MspInit
                0x00000000080017a8       0x7c ./Core/Src/stm32f4xx_hal_msp.o
                0x00000000080017a8                HAL_TIM_Base_MspInit
 .text.HAL_TIM_MspPostInit
                0x0000000008001824       0x74 ./Core/Src/stm32f4xx_hal_msp.o
                0x0000000008001824                HAL_TIM_MspPostInit
 .text.HAL_UART_MspInit
                0x0000000008001898       0xa0 ./Core/Src/stm32f4xx_hal_msp.o
                0x0000000008001898                HAL_UART_MspInit
 .text.NMI_Handler
                0x0000000008001938        0x6 ./Core/Src/stm32f4xx_it.o
                0x0000000008001938                NMI_Handler
 .text.HardFault_Handler
                0x000000000800193e        0x6 ./Core/Src/stm32f4xx_it.o
                0x000000000800193e                HardFault_Handler
 .text.MemManage_Handler
                0x0000000008001944        0x6 ./Core/Src/stm32f4xx_it.o
                0x0000000008001944                MemManage_Handler
 .text.BusFault_Handler
                0x000000000800194a        0x6 ./Core/Src/stm32f4xx_it.o
                0x000000000800194a                BusFault_Handler
 .text.UsageFault_Handler
                0x0000000008001950        0x6 ./Core/Src/stm32f4xx_it.o
                0x0000000008001950                UsageFault_Handler
 .text.SVC_Handler
                0x0000000008001956        0xe ./Core/Src/stm32f4xx_it.o
                0x0000000008001956                SVC_Handler
 .text.DebugMon_Handler
                0x0000000008001964        0xe ./Core/Src/stm32f4xx_it.o
                0x0000000008001964                DebugMon_Handler
 .text.PendSV_Handler
                0x0000000008001972        0xe ./Core/Src/stm32f4xx_it.o
                0x0000000008001972                PendSV_Handler
 .text.SysTick_Handler
                0x0000000008001980        0xc ./Core/Src/stm32f4xx_it.o
                0x0000000008001980                SysTick_Handler
 .text.TIM1_TRG_COM_TIM11_IRQHandler
                0x000000000800198c       0x14 ./Core/Src/stm32f4xx_it.o
                0x000000000800198c                TIM1_TRG_COM_TIM11_IRQHandler
 .text.USART1_IRQHandler
                0x00000000080019a0       0x14 ./Core/Src/stm32f4xx_it.o
                0x00000000080019a0                USART1_IRQHandler
 .text.DMA2_Stream0_IRQHandler
                0x00000000080019b4       0x14 ./Core/Src/stm32f4xx_it.o
                0x00000000080019b4                DMA2_Stream0_IRQHandler
 .text.SystemInit
                0x00000000080019c8       0x24 ./Core/Src/system_stm32f4xx.o
                0x00000000080019c8                SystemInit
 .text.Reset_Handler
                0x00000000080019ec       0x50 ./Core/Startup/startup_stm32f411ceux.o
                0x00000000080019ec                Reset_Handler
 .text.Default_Handler
                0x0000000008001a3c        0x2 ./Core/Startup/startup_stm32f411ceux.o
                0x0000000008001a3c                RTC_Alarm_IRQHandler
                0x0000000008001a3c                EXTI2_IRQHandler
                0x0000000008001a3c                SPI4_IRQHandler
                0x0000000008001a3c                TIM1_CC_IRQHandler
                0x0000000008001a3c                DMA2_Stream5_IRQHandler
                0x0000000008001a3c                DMA1_Stream5_IRQHandler
                0x0000000008001a3c                PVD_IRQHandler
                0x0000000008001a3c                SDIO_IRQHandler
                0x0000000008001a3c                TAMP_STAMP_IRQHandler
                0x0000000008001a3c                EXTI3_IRQHandler
                0x0000000008001a3c                TIM1_UP_TIM10_IRQHandler
                0x0000000008001a3c                I2C3_ER_IRQHandler
                0x0000000008001a3c                EXTI0_IRQHandler
                0x0000000008001a3c                I2C2_EV_IRQHandler
                0x0000000008001a3c                DMA1_Stream2_IRQHandler
                0x0000000008001a3c                FPU_IRQHandler
                0x0000000008001a3c                DMA2_Stream2_IRQHandler
                0x0000000008001a3c                SPI1_IRQHandler
                0x0000000008001a3c                TIM1_BRK_TIM9_IRQHandler
                0x0000000008001a3c                DMA2_Stream3_IRQHandler
                0x0000000008001a3c                USART6_IRQHandler
                0x0000000008001a3c                TIM4_IRQHandler
                0x0000000008001a3c                I2C1_EV_IRQHandler
                0x0000000008001a3c                DMA1_Stream6_IRQHandler
                0x0000000008001a3c                DMA1_Stream1_IRQHandler
                0x0000000008001a3c                TIM3_IRQHandler
                0x0000000008001a3c                RCC_IRQHandler
                0x0000000008001a3c                Default_Handler
                0x0000000008001a3c                EXTI15_10_IRQHandler
                0x0000000008001a3c                ADC_IRQHandler
                0x0000000008001a3c                DMA1_Stream7_IRQHandler
                0x0000000008001a3c                SPI5_IRQHandler
                0x0000000008001a3c                TIM5_IRQHandler
                0x0000000008001a3c                DMA2_Stream7_IRQHandler
                0x0000000008001a3c                I2C3_EV_IRQHandler
                0x0000000008001a3c                EXTI9_5_IRQHandler
                0x0000000008001a3c                RTC_WKUP_IRQHandler
                0x0000000008001a3c                SPI2_IRQHandler
                0x0000000008001a3c                DMA1_Stream0_IRQHandler
                0x0000000008001a3c                EXTI4_IRQHandler
                0x0000000008001a3c                WWDG_IRQHandler
                0x0000000008001a3c                TIM2_IRQHandler
                0x0000000008001a3c                OTG_FS_WKUP_IRQHandler
                0x0000000008001a3c                EXTI1_IRQHandler
                0x0000000008001a3c                USART2_IRQHandler
                0x0000000008001a3c                I2C2_ER_IRQHandler
                0x0000000008001a3c                DMA2_Stream1_IRQHandler
                0x0000000008001a3c                FLASH_IRQHandler
                0x0000000008001a3c                DMA2_Stream4_IRQHandler
                0x0000000008001a3c                OTG_FS_IRQHandler
                0x0000000008001a3c                SPI3_IRQHandler
                0x0000000008001a3c                DMA1_Stream4_IRQHandler
                0x0000000008001a3c                I2C1_ER_IRQHandler
                0x0000000008001a3c                DMA2_Stream6_IRQHandler
                0x0000000008001a3c                DMA1_Stream3_IRQHandler
 *fill*         0x0000000008001a3e        0x2 
 .text.HAL_Init
                0x0000000008001a40       0x44 ./Drivers/STM32F4xx_HAL_Driver/Src/stm32f4xx_hal.o
                0x0000000008001a40                HAL_Init
 .text.HAL_InitTick
                0x0000000008001a84       0x60 ./Drivers/STM32F4xx_HAL_Driver/Src/stm32f4xx_hal.o
                0x0000000008001a84                HAL_InitTick
 .text.HAL_IncTick
                0x0000000008001ae4       0x28 ./Drivers/STM32F4xx_HAL_Driver/Src/stm32f4xx_hal.o
                0x0000000008001ae4                HAL_IncTick
 .text.HAL_GetTick
                0x0000000008001b0c       0x18 ./Drivers/STM32F4xx_HAL_Driver/Src/stm32f4xx_hal.o
                0x0000000008001b0c                HAL_GetTick
 .text.HAL_ADC_Init
                0x0000000008001b24       0x86 ./Drivers/STM32F4xx_HAL_Driver/Src/stm32f4xx_hal_adc.o
                0x0000000008001b24                HAL_ADC_Init
 *fill*         0x0000000008001baa        0x2 
 .text.HAL_ADC_Start_DMA
                0x0000000008001bac      0x1e0 ./Drivers/STM32F4xx_HAL_Driver/Src/stm32f4xx_hal_adc.o
                0x0000000008001bac                HAL_ADC_Start_DMA
 .text.HAL_ADC_GetValue
                0x0000000008001d8c       0x1a ./Drivers/STM32F4xx_HAL_Driver/Src/stm32f4xx_hal_adc.o
                0x0000000008001d8c                HAL_ADC_GetValue
 .text.HAL_ADC_ConvHalfCpltCallback
                0x0000000008001da6       0x14 ./Drivers/STM32F4xx_HAL_Driver/Src/stm32f4xx_hal_adc.o
                0x0000000008001da6                HAL_ADC_ConvHalfCpltCallback
 .text.HAL_ADC_ErrorCallback
                0x0000000008001dba       0x14 ./Drivers/STM32F4xx_HAL_Driver/Src/stm32f4xx_hal_adc.o
                0x0000000008001dba                HAL_ADC_ErrorCallback
 *fill*         0x0000000008001dce        0x2 
 .text.HAL_ADC_ConfigChannel
                0x0000000008001dd0      0x264 ./Drivers/STM32F4xx_HAL_Driver/Src/stm32f4xx_hal_adc.o
                0x0000000008001dd0                HAL_ADC_ConfigChannel
 .text.ADC_Init
                0x0000000008002034      0x1f8 ./Drivers/STM32F4xx_HAL_Driver/Src/stm32f4xx_hal_adc.o
 .text.ADC_DMAConvCplt
                0x000000000800222c       0xba ./Drivers/STM32F4xx_HAL_Driver/Src/stm32f4xx_hal_adc.o
 .text.ADC_DMAHalfConvCplt
                0x00000000080022e6       0x1c ./Drivers/STM32F4xx_HAL_Driver/Src/stm32f4xx_hal_adc.o
 .text.ADC_DMAError
                0x0000000008002302       0x2e ./Drivers/STM32F4xx_HAL_Driver/Src/stm32f4xx_hal_adc.o
 .text.__NVIC_SetPriorityGrouping
                0x0000000008002330       0x48 ./Drivers/STM32F4xx_HAL_Driver/Src/stm32f4xx_hal_cortex.o
 .text.__NVIC_GetPriorityGrouping
                0x0000000008002378       0x1c ./Drivers/STM32F4xx_HAL_Driver/Src/stm32f4xx_hal_cortex.o
 .text.__NVIC_EnableIRQ
                0x0000000008002394       0x3c ./Drivers/STM32F4xx_HAL_Driver/Src/stm32f4xx_hal_cortex.o
 .text.__NVIC_SetPriority
                0x00000000080023d0       0x54 ./Drivers/STM32F4xx_HAL_Driver/Src/stm32f4xx_hal_cortex.o
 .text.NVIC_EncodePriority
                0x0000000008002424       0x66 ./Drivers/STM32F4xx_HAL_Driver/Src/stm32f4xx_hal_cortex.o
 *fill*         0x000000000800248a        0x2 
 .text.SysTick_Config
                0x000000000800248c       0x44 ./Drivers/STM32F4xx_HAL_Driver/Src/stm32f4xx_hal_cortex.o
 .text.HAL_NVIC_SetPriorityGrouping
                0x00000000080024d0       0x16 ./Drivers/STM32F4xx_HAL_Driver/Src/stm32f4xx_hal_cortex.o
                0x00000000080024d0                HAL_NVIC_SetPriorityGrouping
 .text.HAL_NVIC_SetPriority
                0x00000000080024e6       0x38 ./Drivers/STM32F4xx_HAL_Driver/Src/stm32f4xx_hal_cortex.o
                0x00000000080024e6                HAL_NVIC_SetPriority
 .text.HAL_NVIC_EnableIRQ
                0x000000000800251e       0x1c ./Drivers/STM32F4xx_HAL_Driver/Src/stm32f4xx_hal_cortex.o
                0x000000000800251e                HAL_NVIC_EnableIRQ
 .text.HAL_SYSTICK_Config
                0x000000000800253a       0x18 ./Drivers/STM32F4xx_HAL_Driver/Src/stm32f4xx_hal_cortex.o
                0x000000000800253a                HAL_SYSTICK_Config
 *fill*         0x0000000008002552        0x2 
 .text.HAL_DMA_Init
                0x0000000008002554      0x15c ./Drivers/STM32F4xx_HAL_Driver/Src/stm32f4xx_hal_dma.o
                0x0000000008002554                HAL_DMA_Init
 .text.HAL_DMA_Start_IT
                0x00000000080026b0       0xb0 ./Drivers/STM32F4xx_HAL_Driver/Src/stm32f4xx_hal_dma.o
                0x00000000080026b0                HAL_DMA_Start_IT
 .text.HAL_DMA_Abort
                0x0000000008002760       0xe0 ./Drivers/STM32F4xx_HAL_Driver/Src/stm32f4xx_hal_dma.o
                0x0000000008002760                HAL_DMA_Abort
 .text.HAL_DMA_Abort_IT
                0x0000000008002840       0x44 ./Drivers/STM32F4xx_HAL_Driver/Src/stm32f4xx_hal_dma.o
                0x0000000008002840                HAL_DMA_Abort_IT
 .text.HAL_DMA_IRQHandler
                0x0000000008002884      0x314 ./Drivers/STM32F4xx_HAL_Driver/Src/stm32f4xx_hal_dma.o
                0x0000000008002884                HAL_DMA_IRQHandler
 .text.DMA_SetConfig
                0x0000000008002b98       0x5c ./Drivers/STM32F4xx_HAL_Driver/Src/stm32f4xx_hal_dma.o
 .text.DMA_CalcBaseAndBitshift
                0x0000000008002bf4       0x6c ./Drivers/STM32F4xx_HAL_Driver/Src/stm32f4xx_hal_dma.o
 .text.DMA_CheckFifoParam
                0x0000000008002c60       0xf8 ./Drivers/STM32F4xx_HAL_Driver/Src/stm32f4xx_hal_dma.o
 .text.HAL_GPIO_Init
                0x0000000008002d58      0x308 ./Drivers/STM32F4xx_HAL_Driver/Src/stm32f4xx_hal_gpio.o
                0x0000000008002d58                HAL_GPIO_Init
 .text.HAL_GPIO_WritePin
                0x0000000008003060       0x32 ./Drivers/STM32F4xx_HAL_Driver/Src/stm32f4xx_hal_gpio.o
                0x0000000008003060                HAL_GPIO_WritePin
 *fill*         0x0000000008003092        0x2 
 .text.HAL_I2C_Init
                0x0000000008003094      0x288 ./Drivers/STM32F4xx_HAL_Driver/Src/stm32f4xx_hal_i2c.o
                0x0000000008003094                HAL_I2C_Init
 .text.HAL_I2C_Master_Transmit
                0x000000000800331c      0x1fc ./Drivers/STM32F4xx_HAL_Driver/Src/stm32f4xx_hal_i2c.o
                0x000000000800331c                HAL_I2C_Master_Transmit
 .text.HAL_I2C_Master_Receive
                0x0000000008003518      0x44c ./Drivers/STM32F4xx_HAL_Driver/Src/stm32f4xx_hal_i2c.o
                0x0000000008003518                HAL_I2C_Master_Receive
 .text.I2C_MasterRequestWrite
                0x0000000008003964      0x104 ./Drivers/STM32F4xx_HAL_Driver/Src/stm32f4xx_hal_i2c.o
 .text.I2C_MasterRequestRead
                0x0000000008003a68      0x19c ./Drivers/STM32F4xx_HAL_Driver/Src/stm32f4xx_hal_i2c.o
 .text.I2C_WaitOnFlagUntilTimeout
                0x0000000008003c04       0xae ./Drivers/STM32F4xx_HAL_Driver/Src/stm32f4xx_hal_i2c.o
 .text.I2C_WaitOnMasterAddressFlagUntilTimeout
                0x0000000008003cb2       0xfe ./Drivers/STM32F4xx_HAL_Driver/Src/stm32f4xx_hal_i2c.o
 .text.I2C_WaitOnTXEFlagUntilTimeout
                0x0000000008003db0       0x82 ./Drivers/STM32F4xx_HAL_Driver/Src/stm32f4xx_hal_i2c.o
 .text.I2C_WaitOnBTFFlagUntilTimeout
                0x0000000008003e32       0x82 ./Drivers/STM32F4xx_HAL_Driver/Src/stm32f4xx_hal_i2c.o
 .text.I2C_WaitOnRXNEFlagUntilTimeout
                0x0000000008003eb4       0xac ./Drivers/STM32F4xx_HAL_Driver/Src/stm32f4xx_hal_i2c.o
 .text.I2C_IsAcknowledgeFailed
                0x0000000008003f60       0x5e ./Drivers/STM32F4xx_HAL_Driver/Src/stm32f4xx_hal_i2c.o
 *fill*         0x0000000008003fbe        0x2 
 .text.HAL_RCC_OscConfig
                0x0000000008003fc0      0x4f0 ./Drivers/STM32F4xx_HAL_Driver/Src/stm32f4xx_hal_rcc.o
                0x0000000008003fc0                HAL_RCC_OscConfig
 .text.HAL_RCC_ClockConfig
                0x00000000080044b0      0x1cc ./Drivers/STM32F4xx_HAL_Driver/Src/stm32f4xx_hal_rcc.o
                0x00000000080044b0                HAL_RCC_ClockConfig
 .text.HAL_RCC_GetSysClockFreq
                0x000000000800467c      0x18c ./Drivers/STM32F4xx_HAL_Driver/Src/stm32f4xx_hal_rcc.o
                0x000000000800467c                HAL_RCC_GetSysClockFreq
 .text.HAL_RCC_GetHCLKFreq
                0x0000000008004808       0x18 ./Drivers/STM32F4xx_HAL_Driver/Src/stm32f4xx_hal_rcc.o
                0x0000000008004808                HAL_RCC_GetHCLKFreq
 .text.HAL_RCC_GetPCLK1Freq
                0x0000000008004820       0x28 ./Drivers/STM32F4xx_HAL_Driver/Src/stm32f4xx_hal_rcc.o
                0x0000000008004820                HAL_RCC_GetPCLK1Freq
 .text.HAL_RCC_GetPCLK2Freq
                0x0000000008004848       0x28 ./Drivers/STM32F4xx_HAL_Driver/Src/stm32f4xx_hal_rcc.o
                0x0000000008004848                HAL_RCC_GetPCLK2Freq
 .text.HAL_TIM_Base_Init
                0x0000000008004870       0x9e ./Drivers/STM32F4xx_HAL_Driver/Src/stm32f4xx_hal_tim.o
                0x0000000008004870                HAL_TIM_Base_Init
 *fill*         0x000000000800490e        0x2 
 .text.HAL_TIM_Base_Start_IT
                0x0000000008004910       0xc4 ./Drivers/STM32F4xx_HAL_Driver/Src/stm32f4xx_hal_tim.o
                0x0000000008004910                HAL_TIM_Base_Start_IT
 .text.HAL_TIM_PWM_Init
                0x00000000080049d4       0x9e ./Drivers/STM32F4xx_HAL_Driver/Src/stm32f4xx_hal_tim.o
                0x00000000080049d4                HAL_TIM_PWM_Init
 .text.HAL_TIM_PWM_MspInit
                0x0000000008004a72       0x14 ./Drivers/STM32F4xx_HAL_Driver/Src/stm32f4xx_hal_tim.o
                0x0000000008004a72                HAL_TIM_PWM_MspInit
 *fill*         0x0000000008004a86        0x2 
 .text.HAL_TIM_PWM_Start
                0x0000000008004a88      0x160 ./Drivers/STM32F4xx_HAL_Driver/Src/stm32f4xx_hal_tim.o
                0x0000000008004a88                HAL_TIM_PWM_Start
 .text.HAL_TIM_IRQHandler
                0x0000000008004be8      0x210 ./Drivers/STM32F4xx_HAL_Driver/Src/stm32f4xx_hal_tim.o
                0x0000000008004be8                HAL_TIM_IRQHandler
 .text.HAL_TIM_PWM_ConfigChannel
                0x0000000008004df8      0x184 ./Drivers/STM32F4xx_HAL_Driver/Src/stm32f4xx_hal_tim.o
                0x0000000008004df8                HAL_TIM_PWM_ConfigChannel
 .text.HAL_TIM_OC_DelayElapsedCallback
                0x0000000008004f7c       0x14 ./Drivers/STM32F4xx_HAL_Driver/Src/stm32f4xx_hal_tim.o
                0x0000000008004f7c                HAL_TIM_OC_DelayElapsedCallback
 .text.HAL_TIM_IC_CaptureCallback
                0x0000000008004f90       0x14 ./Drivers/STM32F4xx_HAL_Driver/Src/stm32f4xx_hal_tim.o
                0x0000000008004f90                HAL_TIM_IC_CaptureCallback
 .text.HAL_TIM_PWM_PulseFinishedCallback
                0x0000000008004fa4       0x14 ./Drivers/STM32F4xx_HAL_Driver/Src/stm32f4xx_hal_tim.o
                0x0000000008004fa4                HAL_TIM_PWM_PulseFinishedCallback
 .text.HAL_TIM_TriggerCallback
                0x0000000008004fb8       0x14 ./Drivers/STM32F4xx_HAL_Driver/Src/stm32f4xx_hal_tim.o
                0x0000000008004fb8                HAL_TIM_TriggerCallback
 .text.TIM_Base_SetConfig
                0x0000000008004fcc      0x100 ./Drivers/STM32F4xx_HAL_Driver/Src/stm32f4xx_hal_tim.o
                0x0000000008004fcc                TIM_Base_SetConfig
 .text.TIM_OC1_SetConfig
                0x00000000080050cc       0xcc ./Drivers/STM32F4xx_HAL_Driver/Src/stm32f4xx_hal_tim.o
 .text.TIM_OC2_SetConfig
                0x0000000008005198       0xd8 ./Drivers/STM32F4xx_HAL_Driver/Src/stm32f4xx_hal_tim.o
                0x0000000008005198                TIM_OC2_SetConfig
 .text.TIM_OC3_SetConfig
                0x0000000008005270       0xd4 ./Drivers/STM32F4xx_HAL_Driver/Src/stm32f4xx_hal_tim.o
 .text.TIM_OC4_SetConfig
                0x0000000008005344       0xa0 ./Drivers/STM32F4xx_HAL_Driver/Src/stm32f4xx_hal_tim.o
 .text.TIM_CCxChannelCmd
                0x00000000080053e4       0x4a ./Drivers/STM32F4xx_HAL_Driver/Src/stm32f4xx_hal_tim.o
                0x00000000080053e4                TIM_CCxChannelCmd
 .text.HAL_TIMEx_CommutCallback
                0x000000000800542e       0x14 ./Drivers/STM32F4xx_HAL_Driver/Src/stm32f4xx_hal_tim_ex.o
                0x000000000800542e                HAL_TIMEx_CommutCallback
 .text.HAL_TIMEx_BreakCallback
                0x0000000008005442       0x14 ./Drivers/STM32F4xx_HAL_Driver/Src/stm32f4xx_hal_tim_ex.o
                0x0000000008005442                HAL_TIMEx_BreakCallback
 .text.HAL_UART_Init
                0x0000000008005456       0x9a ./Drivers/STM32F4xx_HAL_Driver/Src/stm32f4xx_hal_uart.o
                0x0000000008005456                HAL_UART_Init
 .text.HAL_UART_Transmit_IT
                0x00000000080054f0       0x8a ./Drivers/STM32F4xx_HAL_Driver/Src/stm32f4xx_hal_uart.o
                0x00000000080054f0                HAL_UART_Transmit_IT
 .text.HAL_UART_Receive_IT
                0x000000000800557a       0x60 ./Drivers/STM32F4xx_HAL_Driver/Src/stm32f4xx_hal_uart.o
                0x000000000800557a                HAL_UART_Receive_IT
 *fill*         0x00000000080055da        0x2 
 .text.HAL_UART_IRQHandler
                0x00000000080055dc      0x51c ./Drivers/STM32F4xx_HAL_Driver/Src/stm32f4xx_hal_uart.o
                0x00000000080055dc                HAL_UART_IRQHandler
 .text.HAL_UART_ErrorCallback
                0x0000000008005af8       0x14 ./Drivers/STM32F4xx_HAL_Driver/Src/stm32f4xx_hal_uart.o
                0x0000000008005af8                HAL_UART_ErrorCallback
 .text.HAL_UARTEx_RxEventCallback
                0x0000000008005b0c       0x18 ./Drivers/STM32F4xx_HAL_Driver/Src/stm32f4xx_hal_uart.o
                0x0000000008005b0c                HAL_UARTEx_RxEventCallback
 .text.UART_Start_Receive_IT
                0x0000000008005b24       0x7c ./Drivers/STM32F4xx_HAL_Driver/Src/stm32f4xx_hal_uart.o
                0x0000000008005b24                UART_Start_Receive_IT
 .text.UART_EndRxTransfer
                0x0000000008005ba0       0xc6 ./Drivers/STM32F4xx_HAL_Driver/Src/stm32f4xx_hal_uart.o
 .text.UART_DMAAbortOnError
                0x0000000008005c66       0x28 ./Drivers/STM32F4xx_HAL_Driver/Src/stm32f4xx_hal_uart.o
 .text.UART_Transmit_IT
                0x0000000008005c8e       0xa0 ./Drivers/STM32F4xx_HAL_Driver/Src/stm32f4xx_hal_uart.o
 .text.UART_EndTransmit_IT
                0x0000000008005d2e       0x30 ./Drivers/STM32F4xx_HAL_Driver/Src/stm32f4xx_hal_uart.o
 .text.UART_Receive_IT
                0x0000000008005d5e      0x176 ./Drivers/STM32F4xx_HAL_Driver/Src/stm32f4xx_hal_uart.o
 .text.UART_SetConfig
                0x0000000008005ed4      0x4e8 ./Drivers/STM32F4xx_HAL_Driver/Src/stm32f4xx_hal_uart.o
 .text.memset   0x00000000080063bc       0x10 /opt/st/stm32cubeide_1.14.0/plugins/com.st.stm32cube.ide.mcu.externaltools.gnu-tools-for-stm32.11.3.rel1.linux64_1.1.100.202309141235/tools/bin/../lib/gcc/arm-none-eabi/11.3.1/../../../../arm-none-eabi/lib/thumb/v7e-m+fp/hard/libc_nano.a(libc_a-memset.o)
                0x00000000080063bc                memset
 .text.__libc_init_array
                0x00000000080063cc       0x48 /opt/st/stm32cubeide_1.14.0/plugins/com.st.stm32cube.ide.mcu.externaltools.gnu-tools-for-stm32.11.3.rel1.linux64_1.1.100.202309141235/tools/bin/../lib/gcc/arm-none-eabi/11.3.1/../../../../arm-none-eabi/lib/thumb/v7e-m+fp/hard/libc_nano.a(libc_a-init.o)
                0x00000000080063cc                __libc_init_array
 *(.glue_7)
 .glue_7        0x0000000008006414        0x0 linker stubs
 *(.glue_7t)
 .glue_7t       0x0000000008006414        0x0 linker stubs
 *(.eh_frame)
 .eh_frame      0x0000000008006414        0x0 /opt/st/stm32cubeide_1.14.0/plugins/com.st.stm32cube.ide.mcu.externaltools.gnu-tools-for-stm32.11.3.rel1.linux64_1.1.100.202309141235/tools/bin/../lib/gcc/arm-none-eabi/11.3.1/thumb/v7e-m+fp/hard/crtbegin.o
 *(.init)
 .init          0x0000000008006414        0x4 /opt/st/stm32cubeide_1.14.0/plugins/com.st.stm32cube.ide.mcu.externaltools.gnu-tools-for-stm32.11.3.rel1.linux64_1.1.100.202309141235/tools/bin/../lib/gcc/arm-none-eabi/11.3.1/thumb/v7e-m+fp/hard/crti.o
                0x0000000008006414                _init
 .init          0x0000000008006418        0x8 /opt/st/stm32cubeide_1.14.0/plugins/com.st.stm32cube.ide.mcu.externaltools.gnu-tools-for-stm32.11.3.rel1.linux64_1.1.100.202309141235/tools/bin/../lib/gcc/arm-none-eabi/11.3.1/thumb/v7e-m+fp/hard/crtn.o
 *(.fini)
 .fini          0x0000000008006420        0x4 /opt/st/stm32cubeide_1.14.0/plugins/com.st.stm32cube.ide.mcu.externaltools.gnu-tools-for-stm32.11.3.rel1.linux64_1.1.100.202309141235/tools/bin/../lib/gcc/arm-none-eabi/11.3.1/thumb/v7e-m+fp/hard/crti.o
                0x0000000008006420                _fini
 .fini          0x0000000008006424        0x8 /opt/st/stm32cubeide_1.14.0/plugins/com.st.stm32cube.ide.mcu.externaltools.gnu-tools-for-stm32.11.3.rel1.linux64_1.1.100.202309141235/tools/bin/../lib/gcc/arm-none-eabi/11.3.1/thumb/v7e-m+fp/hard/crtn.o
                0x000000000800642c                . = ALIGN (0x4)
                0x000000000800642c                _etext = .

.vfp11_veneer   0x000000000800642c        0x0
 .vfp11_veneer  0x000000000800642c        0x0 linker stubs

.v4_bx          0x000000000800642c        0x0
 .v4_bx         0x000000000800642c        0x0 linker stubs

.iplt           0x000000000800642c        0x0
 .iplt          0x000000000800642c        0x0 /opt/st/stm32cubeide_1.14.0/plugins/com.st.stm32cube.ide.mcu.externaltools.gnu-tools-for-stm32.11.3.rel1.linux64_1.1.100.202309141235/tools/bin/../lib/gcc/arm-none-eabi/11.3.1/thumb/v7e-m+fp/hard/crtbegin.o

.rodata         0x000000000800642c       0x20
                0x000000000800642c                . = ALIGN (0x4)
 *(.rodata)
 *(.rodata*)
 .rodata.AHBPrescTable
                0x000000000800642c       0x10 ./Core/Src/system_stm32f4xx.o
                0x000000000800642c                AHBPrescTable
 .rodata.APBPrescTable
                0x000000000800643c        0x8 ./Core/Src/system_stm32f4xx.o
                0x000000000800643c                APBPrescTable
 .rodata.flagBitshiftOffset.0
                0x0000000008006444        0x8 ./Drivers/STM32F4xx_HAL_Driver/Src/stm32f4xx_hal_dma.o
                0x000000000800644c                . = ALIGN (0x4)

.ARM.extab      0x000000000800644c        0x0
                0x000000000800644c                . = ALIGN (0x4)
 *(.ARM.extab* .gnu.linkonce.armextab.*)
                0x000000000800644c                . = ALIGN (0x4)

.ARM            0x000000000800644c        0x8
                0x000000000800644c                . = ALIGN (0x4)
                0x000000000800644c                __exidx_start = .
 *(.ARM.exidx*)
 .ARM.exidx     0x000000000800644c        0x8 /opt/st/stm32cubeide_1.14.0/plugins/com.st.stm32cube.ide.mcu.externaltools.gnu-tools-for-stm32.11.3.rel1.linux64_1.1.100.202309141235/tools/bin/../lib/gcc/arm-none-eabi/11.3.1/thumb/v7e-m+fp/hard/libgcc.a(_udivmoddi4.o)
                0x0000000008006454                __exidx_end = .
                0x0000000008006454                . = ALIGN (0x4)

.rel.dyn        0x0000000008006454        0x0
 .rel.iplt      0x0000000008006454        0x0 /opt/st/stm32cubeide_1.14.0/plugins/com.st.stm32cube.ide.mcu.externaltools.gnu-tools-for-stm32.11.3.rel1.linux64_1.1.100.202309141235/tools/bin/../lib/gcc/arm-none-eabi/11.3.1/thumb/v7e-m+fp/hard/crtbegin.o

.preinit_array  0x0000000008006454        0x0
                0x0000000008006454                . = ALIGN (0x4)
                0x0000000008006454                PROVIDE (__preinit_array_start = .)
 *(.preinit_array*)
                0x0000000008006454                PROVIDE (__preinit_array_end = .)
                0x0000000008006454                . = ALIGN (0x4)

.init_array     0x0000000008006454        0x4
                0x0000000008006454                . = ALIGN (0x4)
                0x0000000008006454                PROVIDE (__init_array_start = .)
 *(SORT_BY_NAME(.init_array.*))
 *(.init_array*)
 .init_array    0x0000000008006454        0x4 /opt/st/stm32cubeide_1.14.0/plugins/com.st.stm32cube.ide.mcu.externaltools.gnu-tools-for-stm32.11.3.rel1.linux64_1.1.100.202309141235/tools/bin/../lib/gcc/arm-none-eabi/11.3.1/thumb/v7e-m+fp/hard/crtbegin.o
                0x0000000008006458                PROVIDE (__init_array_end = .)
                0x0000000008006458                . = ALIGN (0x4)

.fini_array     0x0000000008006458        0x4
                0x0000000008006458                . = ALIGN (0x4)
                [!provide]                        PROVIDE (__fini_array_start = .)
 *(SORT_BY_NAME(.fini_array.*))
 *(.fini_array*)
 .fini_array    0x0000000008006458        0x4 /opt/st/stm32cubeide_1.14.0/plugins/com.st.stm32cube.ide.mcu.externaltools.gnu-tools-for-stm32.11.3.rel1.linux64_1.1.100.202309141235/tools/bin/../lib/gcc/arm-none-eabi/11.3.1/thumb/v7e-m+fp/hard/crtbegin.o
                [!provide]                        PROVIDE (__fini_array_end = .)
                0x000000000800645c                . = ALIGN (0x4)
                0x000000000800645c                _sidata = LOADADDR (.data)

.data           0x0000000020000000       0x1c load address 0x000000000800645c
                0x0000000020000000                . = ALIGN (0x4)
                0x0000000020000000                _sdata = .
 *(.data)
 *(.data*)
 .data.breathCounter
                0x0000000020000000        0x4 ./Core/Src/main.o
                0x0000000020000000                breathCounter
 .data.inhaleTime
                0x0000000020000004        0x4 ./Core/Src/main.o
                0x0000000020000004                inhaleTime
 .data.exhaleTime
                0x0000000020000008        0x4 ./Core/Src/main.o
                0x0000000020000008                exhaleTime
 .data.i2cTransmitBuf
                0x000000002000000c        0x2 ./Core/Src/main.o
                0x000000002000000c                i2cTransmitBuf
 *fill*         0x000000002000000e        0x2 
 .data.SystemCoreClock
                0x0000000020000010        0x4 ./Core/Src/system_stm32f4xx.o
                0x0000000020000010                SystemCoreClock
 .data.uwTickPrio
                0x0000000020000014        0x4 ./Drivers/STM32F4xx_HAL_Driver/Src/stm32f4xx_hal.o
                0x0000000020000014                uwTickPrio
 .data.uwTickFreq
                0x0000000020000018        0x1 ./Drivers/STM32F4xx_HAL_Driver/Src/stm32f4xx_hal.o
                0x0000000020000018                uwTickFreq
 *(.RamFunc)
 *(.RamFunc*)
                0x000000002000001c                . = ALIGN (0x4)
 *fill*         0x0000000020000019        0x3 
                0x000000002000001c                _edata = .

.igot.plt       0x000000002000001c        0x0 load address 0x0000000008006478
 .igot.plt      0x000000002000001c        0x0 /opt/st/stm32cubeide_1.14.0/plugins/com.st.stm32cube.ide.mcu.externaltools.gnu-tools-for-stm32.11.3.rel1.linux64_1.1.100.202309141235/tools/bin/../lib/gcc/arm-none-eabi/11.3.1/thumb/v7e-m+fp/hard/crtbegin.o
                0x000000002000001c                . = ALIGN (0x4)

.bss            0x000000002000001c      0x300 load address 0x0000000008006478
                0x000000002000001c                _sbss = .
                0x000000002000001c                __bss_start__ = _sbss
 *(.bss)
 .bss           0x000000002000001c       0x1c /opt/st/stm32cubeide_1.14.0/plugins/com.st.stm32cube.ide.mcu.externaltools.gnu-tools-for-stm32.11.3.rel1.linux64_1.1.100.202309141235/tools/bin/../lib/gcc/arm-none-eabi/11.3.1/thumb/v7e-m+fp/hard/crtbegin.o
 *(.bss*)
 .bss.hadc1     0x0000000020000038       0x48 ./Core/Src/main.o
                0x0000000020000038                hadc1
 .bss.hdma_adc1
                0x0000000020000080       0x60 ./Core/Src/main.o
                0x0000000020000080                hdma_adc1
 .bss.hi2c3     0x00000000200000e0       0x54 ./Core/Src/main.o
                0x00000000200000e0                hi2c3
 .bss.htim10    0x0000000020000134       0x48 ./Core/Src/main.o
                0x0000000020000134                htim10
 .bss.htim11    0x000000002000017c       0x48 ./Core/Src/main.o
                0x000000002000017c                htim11
 .bss.huart1    0x00000000200001c4       0x44 ./Core/Src/main.o
                0x00000000200001c4                huart1
 .bss.adc_buf   0x0000000020000208       0xc8 ./Core/Src/main.o
                0x0000000020000208                adc_buf
 .bss.adcSum    0x00000000200002d0        0x4 ./Core/Src/main.o
                0x00000000200002d0                adcSum
 .bss.adcVoltage
                0x00000000200002d4        0x4 ./Core/Src/main.o
                0x00000000200002d4                adcVoltage
 .bss.adcAverage
                0x00000000200002d8        0x4 ./Core/Src/main.o
                0x00000000200002d8                adcAverage
 .bss.pressureBar
                0x00000000200002dc        0x4 ./Core/Src/main.o
                0x00000000200002dc                pressureBar
 .bss.pressureCmH2O
                0x00000000200002e0        0x4 ./Core/Src/main.o
                0x00000000200002e0                pressureCmH2O
 .bss.adcCounter
                0x00000000200002e4        0x4 ./Core/Src/main.o
                0x00000000200002e4                adcCounter
 .bss.pidData   0x00000000200002e8       0x18 ./Core/Src/main.o
                0x00000000200002e8                pidData
 .bss.pwmSpeed  0x0000000020000300        0x4 ./Core/Src/main.o
                0x0000000020000300                pwmSpeed
 .bss.i2cReceiveBuf
                0x0000000020000304        0x2 ./Core/Src/main.o
                0x0000000020000304                i2cReceiveBuf
 *fill*         0x0000000020000306        0x2 
 .bss.flowSLM   0x0000000020000308        0x4 ./Core/Src/main.o
                0x0000000020000308                flowSLM
 .bss.receive   0x000000002000030c        0x7 ./Core/Src/main.o
                0x000000002000030c                receive
 *fill*         0x0000000020000313        0x1 
 .bss.transmit  0x0000000020000314        0x3 ./Core/Src/main.o
                0x0000000020000314                transmit
 *fill*         0x0000000020000317        0x1 
 .bss.uwTick    0x0000000020000318        0x4 ./Drivers/STM32F4xx_HAL_Driver/Src/stm32f4xx_hal.o
                0x0000000020000318                uwTick
 *(COMMON)
                0x000000002000031c                . = ALIGN (0x4)
                0x000000002000031c                _ebss = .
                0x000000002000031c                __bss_end__ = _ebss

._user_heap_stack
                0x000000002000031c      0x604 load address 0x0000000008006478
                0x0000000020000320                . = ALIGN (0x8)
 *fill*         0x000000002000031c        0x4 
                [!provide]                        PROVIDE (end = .)
                0x0000000020000320                PROVIDE (_end = .)
                0x0000000020000520                . = (. + _Min_Heap_Size)
 *fill*         0x0000000020000320      0x200 
                0x0000000020000920                . = (. + _Min_Stack_Size)
 *fill*         0x0000000020000520      0x400 
                0x0000000020000920                . = ALIGN (0x8)

/DISCARD/
 libc.a(*)
 libm.a(*)
 libgcc.a(*)

.ARM.attributes
                0x0000000000000000       0x30
 *(.ARM.attributes)
 .ARM.attributes
                0x0000000000000000       0x1e /opt/st/stm32cubeide_1.14.0/plugins/com.st.stm32cube.ide.mcu.externaltools.gnu-tools-for-stm32.11.3.rel1.linux64_1.1.100.202309141235/tools/bin/../lib/gcc/arm-none-eabi/11.3.1/thumb/v7e-m+fp/hard/crti.o
 .ARM.attributes
                0x000000000000001e       0x34 /opt/st/stm32cubeide_1.14.0/plugins/com.st.stm32cube.ide.mcu.externaltools.gnu-tools-for-stm32.11.3.rel1.linux64_1.1.100.202309141235/tools/bin/../lib/gcc/arm-none-eabi/11.3.1/thumb/v7e-m+fp/hard/crtbegin.o
 .ARM.attributes
                0x0000000000000052       0x34 ./Core/Src/PID.o
 .ARM.attributes
                0x0000000000000086       0x34 ./Core/Src/main.o
 .ARM.attributes
                0x00000000000000ba       0x34 ./Core/Src/stm32f4xx_hal_msp.o
 .ARM.attributes
                0x00000000000000ee       0x34 ./Core/Src/stm32f4xx_it.o
 .ARM.attributes
                0x0000000000000122       0x34 ./Core/Src/system_stm32f4xx.o
 .ARM.attributes
                0x0000000000000156       0x21 ./Core/Startup/startup_stm32f411ceux.o
 .ARM.attributes
                0x0000000000000177       0x34 ./Drivers/STM32F4xx_HAL_Driver/Src/stm32f4xx_hal.o
 .ARM.attributes
                0x00000000000001ab       0x34 ./Drivers/STM32F4xx_HAL_Driver/Src/stm32f4xx_hal_adc.o
 .ARM.attributes
                0x00000000000001df       0x34 ./Drivers/STM32F4xx_HAL_Driver/Src/stm32f4xx_hal_cortex.o
 .ARM.attributes
                0x0000000000000213       0x34 ./Drivers/STM32F4xx_HAL_Driver/Src/stm32f4xx_hal_dma.o
 .ARM.attributes
                0x0000000000000247       0x34 ./Drivers/STM32F4xx_HAL_Driver/Src/stm32f4xx_hal_gpio.o
 .ARM.attributes
                0x000000000000027b       0x34 ./Drivers/STM32F4xx_HAL_Driver/Src/stm32f4xx_hal_i2c.o
 .ARM.attributes
                0x00000000000002af       0x34 ./Drivers/STM32F4xx_HAL_Driver/Src/stm32f4xx_hal_rcc.o
 .ARM.attributes
                0x00000000000002e3       0x34 ./Drivers/STM32F4xx_HAL_Driver/Src/stm32f4xx_hal_tim.o
 .ARM.attributes
                0x0000000000000317       0x34 ./Drivers/STM32F4xx_HAL_Driver/Src/stm32f4xx_hal_tim_ex.o
 .ARM.attributes
                0x000000000000034b       0x34 ./Drivers/STM32F4xx_HAL_Driver/Src/stm32f4xx_hal_uart.o
 .ARM.attributes
                0x000000000000037f       0x34 /opt/st/stm32cubeide_1.14.0/plugins/com.st.stm32cube.ide.mcu.externaltools.gnu-tools-for-stm32.11.3.rel1.linux64_1.1.100.202309141235/tools/bin/../lib/gcc/arm-none-eabi/11.3.1/../../../../arm-none-eabi/lib/thumb/v7e-m+fp/hard/libc_nano.a(libc_a-memset.o)
 .ARM.attributes
                0x00000000000003b3       0x34 /opt/st/stm32cubeide_1.14.0/plugins/com.st.stm32cube.ide.mcu.externaltools.gnu-tools-for-stm32.11.3.rel1.linux64_1.1.100.202309141235/tools/bin/../lib/gcc/arm-none-eabi/11.3.1/../../../../arm-none-eabi/lib/thumb/v7e-m+fp/hard/libc_nano.a(libc_a-init.o)
 .ARM.attributes
                0x00000000000003e7       0x1e /opt/st/stm32cubeide_1.14.0/plugins/com.st.stm32cube.ide.mcu.externaltools.gnu-tools-for-stm32.11.3.rel1.linux64_1.1.100.202309141235/tools/bin/../lib/gcc/arm-none-eabi/11.3.1/thumb/v7e-m+fp/hard/libgcc.a(_arm_muldf3.o)
 .ARM.attributes
                0x0000000000000405       0x1e /opt/st/stm32cubeide_1.14.0/plugins/com.st.stm32cube.ide.mcu.externaltools.gnu-tools-for-stm32.11.3.rel1.linux64_1.1.100.202309141235/tools/bin/../lib/gcc/arm-none-eabi/11.3.1/thumb/v7e-m+fp/hard/libgcc.a(_arm_addsubdf3.o)
 .ARM.attributes
                0x0000000000000423       0x1e /opt/st/stm32cubeide_1.14.0/plugins/com.st.stm32cube.ide.mcu.externaltools.gnu-tools-for-stm32.11.3.rel1.linux64_1.1.100.202309141235/tools/bin/../lib/gcc/arm-none-eabi/11.3.1/thumb/v7e-m+fp/hard/libgcc.a(_arm_cmpdf2.o)
 .ARM.attributes
                0x0000000000000441       0x1e /opt/st/stm32cubeide_1.14.0/plugins/com.st.stm32cube.ide.mcu.externaltools.gnu-tools-for-stm32.11.3.rel1.linux64_1.1.100.202309141235/tools/bin/../lib/gcc/arm-none-eabi/11.3.1/thumb/v7e-m+fp/hard/libgcc.a(_arm_truncdfsf2.o)
 .ARM.attributes
                0x000000000000045f       0x1e /opt/st/stm32cubeide_1.14.0/plugins/com.st.stm32cube.ide.mcu.externaltools.gnu-tools-for-stm32.11.3.rel1.linux64_1.1.100.202309141235/tools/bin/../lib/gcc/arm-none-eabi/11.3.1/thumb/v7e-m+fp/hard/libgcc.a(_aeabi_uldivmod.o)
 .ARM.attributes
                0x000000000000047d       0x34 /opt/st/stm32cubeide_1.14.0/plugins/com.st.stm32cube.ide.mcu.externaltools.gnu-tools-for-stm32.11.3.rel1.linux64_1.1.100.202309141235/tools/bin/../lib/gcc/arm-none-eabi/11.3.1/thumb/v7e-m+fp/hard/libgcc.a(_udivmoddi4.o)
 .ARM.attributes
                0x00000000000004b1       0x1e /opt/st/stm32cubeide_1.14.0/plugins/com.st.stm32cube.ide.mcu.externaltools.gnu-tools-for-stm32.11.3.rel1.linux64_1.1.100.202309141235/tools/bin/../lib/gcc/arm-none-eabi/11.3.1/thumb/v7e-m+fp/hard/libgcc.a(_dvmd_tls.o)
 .ARM.attributes
                0x00000000000004cf       0x1e /opt/st/stm32cubeide_1.14.0/plugins/com.st.stm32cube.ide.mcu.externaltools.gnu-tools-for-stm32.11.3.rel1.linux64_1.1.100.202309141235/tools/bin/../lib/gcc/arm-none-eabi/11.3.1/thumb/v7e-m+fp/hard/crtn.o
OUTPUT(blackpill.elf elf32-littlearm)
LOAD linker stubs
LOAD /opt/st/stm32cubeide_1.14.0/plugins/com.st.stm32cube.ide.mcu.externaltools.gnu-tools-for-stm32.11.3.rel1.linux64_1.1.100.202309141235/tools/bin/../lib/gcc/arm-none-eabi/11.3.1/../../../../arm-none-eabi/lib/thumb/v7e-m+fp/hard/libc.a
LOAD /opt/st/stm32cubeide_1.14.0/plugins/com.st.stm32cube.ide.mcu.externaltools.gnu-tools-for-stm32.11.3.rel1.linux64_1.1.100.202309141235/tools/bin/../lib/gcc/arm-none-eabi/11.3.1/../../../../arm-none-eabi/lib/thumb/v7e-m+fp/hard/libm.a
LOAD /opt/st/stm32cubeide_1.14.0/plugins/com.st.stm32cube.ide.mcu.externaltools.gnu-tools-for-stm32.11.3.rel1.linux64_1.1.100.202309141235/tools/bin/../lib/gcc/arm-none-eabi/11.3.1/thumb/v7e-m+fp/hard/libgcc.a

.comment        0x0000000000000000       0x43
 .comment       0x0000000000000000       0x43 /opt/st/stm32cubeide_1.14.0/plugins/com.st.stm32cube.ide.mcu.externaltools.gnu-tools-for-stm32.11.3.rel1.linux64_1.1.100.202309141235/tools/bin/../lib/gcc/arm-none-eabi/11.3.1/thumb/v7e-m+fp/hard/crtbegin.o
                                         0x44 (size before relaxing)
 .comment       0x0000000000000043       0x44 ./Core/Src/PID.o
 .comment       0x0000000000000043       0x44 ./Core/Src/main.o
 .comment       0x0000000000000043       0x44 ./Core/Src/stm32f4xx_hal_msp.o
 .comment       0x0000000000000043       0x44 ./Core/Src/stm32f4xx_it.o
 .comment       0x0000000000000043       0x44 ./Core/Src/system_stm32f4xx.o
 .comment       0x0000000000000043       0x44 ./Drivers/STM32F4xx_HAL_Driver/Src/stm32f4xx_hal.o
 .comment       0x0000000000000043       0x44 ./Drivers/STM32F4xx_HAL_Driver/Src/stm32f4xx_hal_adc.o
 .comment       0x0000000000000043       0x44 ./Drivers/STM32F4xx_HAL_Driver/Src/stm32f4xx_hal_cortex.o
 .comment       0x0000000000000043       0x44 ./Drivers/STM32F4xx_HAL_Driver/Src/stm32f4xx_hal_dma.o
 .comment       0x0000000000000043       0x44 ./Drivers/STM32F4xx_HAL_Driver/Src/stm32f4xx_hal_gpio.o
 .comment       0x0000000000000043       0x44 ./Drivers/STM32F4xx_HAL_Driver/Src/stm32f4xx_hal_i2c.o
 .comment       0x0000000000000043       0x44 ./Drivers/STM32F4xx_HAL_Driver/Src/stm32f4xx_hal_rcc.o
 .comment       0x0000000000000043       0x44 ./Drivers/STM32F4xx_HAL_Driver/Src/stm32f4xx_hal_tim.o
 .comment       0x0000000000000043       0x44 ./Drivers/STM32F4xx_HAL_Driver/Src/stm32f4xx_hal_tim_ex.o
 .comment       0x0000000000000043       0x44 ./Drivers/STM32F4xx_HAL_Driver/Src/stm32f4xx_hal_uart.o

.debug_info     0x0000000000000000    0x10f86
 .debug_info    0x0000000000000000      0x189 ./Core/Src/PID.o
 .debug_info    0x0000000000000189     0x1c96 ./Core/Src/main.o
 .debug_info    0x0000000000001e1f     0x15bb ./Core/Src/stm32f4xx_hal_msp.o
 .debug_info    0x00000000000033da      0x996 ./Core/Src/stm32f4xx_it.o
 .debug_info    0x0000000000003d70      0x53e ./Core/Src/system_stm32f4xx.o
 .debug_info    0x00000000000042ae       0x23 ./Core/Startup/startup_stm32f411ceux.o
 .debug_info    0x00000000000042d1      0x8c4 ./Drivers/STM32F4xx_HAL_Driver/Src/stm32f4xx_hal.o
 .debug_info    0x0000000000004b95      0xcd1 ./Drivers/STM32F4xx_HAL_Driver/Src/stm32f4xx_hal_adc.o
 .debug_info    0x0000000000005866      0xcb6 ./Drivers/STM32F4xx_HAL_Driver/Src/stm32f4xx_hal_cortex.o
 .debug_info    0x000000000000651c      0x8e6 ./Drivers/STM32F4xx_HAL_Driver/Src/stm32f4xx_hal_dma.o
 .debug_info    0x0000000000006e02      0x6f9 ./Drivers/STM32F4xx_HAL_Driver/Src/stm32f4xx_hal_gpio.o
 .debug_info    0x00000000000074fb     0x23f2 ./Drivers/STM32F4xx_HAL_Driver/Src/stm32f4xx_hal_i2c.o
 .debug_info    0x00000000000098ed      0x8f2 ./Drivers/STM32F4xx_HAL_Driver/Src/stm32f4xx_hal_rcc.o
 .debug_info    0x000000000000a1df     0x2941 ./Drivers/STM32F4xx_HAL_Driver/Src/stm32f4xx_hal_tim.o
 .debug_info    0x000000000000cb20     0x14a7 ./Drivers/STM32F4xx_HAL_Driver/Src/stm32f4xx_hal_tim_ex.o
 .debug_info    0x000000000000dfc7     0x2fbf ./Drivers/STM32F4xx_HAL_Driver/Src/stm32f4xx_hal_uart.o

.debug_abbrev   0x0000000000000000     0x2272
 .debug_abbrev  0x0000000000000000      0x112 ./Core/Src/PID.o
 .debug_abbrev  0x0000000000000112      0x315 ./Core/Src/main.o
 .debug_abbrev  0x0000000000000427      0x25e ./Core/Src/stm32f4xx_hal_msp.o
 .debug_abbrev  0x0000000000000685      0x1ae ./Core/Src/stm32f4xx_it.o
 .debug_abbrev  0x0000000000000833      0x11a ./Core/Src/system_stm32f4xx.o
 .debug_abbrev  0x000000000000094d       0x12 ./Core/Startup/startup_stm32f411ceux.o
 .debug_abbrev  0x000000000000095f      0x24b ./Drivers/STM32F4xx_HAL_Driver/Src/stm32f4xx_hal.o
 .debug_abbrev  0x0000000000000baa      0x20e ./Drivers/STM32F4xx_HAL_Driver/Src/stm32f4xx_hal_adc.o
 .debug_abbrev  0x0000000000000db8      0x327 ./Drivers/STM32F4xx_HAL_Driver/Src/stm32f4xx_hal_cortex.o
 .debug_abbrev  0x00000000000010df      0x221 ./Drivers/STM32F4xx_HAL_Driver/Src/stm32f4xx_hal_dma.o
 .debug_abbrev  0x0000000000001300      0x1d3 ./Drivers/STM32F4xx_HAL_Driver/Src/stm32f4xx_hal_gpio.o
 .debug_abbrev  0x00000000000014d3      0x2bc ./Drivers/STM32F4xx_HAL_Driver/Src/stm32f4xx_hal_i2c.o
 .debug_abbrev  0x000000000000178f      0x2b5 ./Drivers/STM32F4xx_HAL_Driver/Src/stm32f4xx_hal_rcc.o
 .debug_abbrev  0x0000000000001a44      0x284 ./Drivers/STM32F4xx_HAL_Driver/Src/stm32f4xx_hal_tim.o
 .debug_abbrev  0x0000000000001cc8      0x28f ./Drivers/STM32F4xx_HAL_Driver/Src/stm32f4xx_hal_tim_ex.o
 .debug_abbrev  0x0000000000001f57      0x31b ./Drivers/STM32F4xx_HAL_Driver/Src/stm32f4xx_hal_uart.o

.debug_aranges  0x0000000000000000     0x1038
 .debug_aranges
                0x0000000000000000       0x30 ./Core/Src/PID.o
 .debug_aranges
                0x0000000000000030       0xa0 ./Core/Src/main.o
 .debug_aranges
                0x00000000000000d0       0x68 ./Core/Src/stm32f4xx_hal_msp.o
 .debug_aranges
                0x0000000000000138       0x78 ./Core/Src/stm32f4xx_it.o
 .debug_aranges
                0x00000000000001b0       0x28 ./Core/Src/system_stm32f4xx.o
 .debug_aranges
                0x00000000000001d8       0x28 ./Core/Startup/startup_stm32f411ceux.o
 .debug_aranges
                0x0000000000000200       0xf0 ./Drivers/STM32F4xx_HAL_Driver/Src/stm32f4xx_hal.o
 .debug_aranges
                0x00000000000002f0       0xe8 ./Drivers/STM32F4xx_HAL_Driver/Src/stm32f4xx_hal_adc.o
 .debug_aranges
                0x00000000000003d8      0x118 ./Drivers/STM32F4xx_HAL_Driver/Src/stm32f4xx_hal_cortex.o
 .debug_aranges
                0x00000000000004f0       0x90 ./Drivers/STM32F4xx_HAL_Driver/Src/stm32f4xx_hal_dma.o
 .debug_aranges
                0x0000000000000580       0x58 ./Drivers/STM32F4xx_HAL_Driver/Src/stm32f4xx_hal_gpio.o
 .debug_aranges
                0x00000000000005d8      0x2a0 ./Drivers/STM32F4xx_HAL_Driver/Src/stm32f4xx_hal_i2c.o
 .debug_aranges
                0x0000000000000878       0x88 ./Drivers/STM32F4xx_HAL_Driver/Src/stm32f4xx_hal_rcc.o
 .debug_aranges
                0x0000000000000900      0x3d0 ./Drivers/STM32F4xx_HAL_Driver/Src/stm32f4xx_hal_tim.o
 .debug_aranges
                0x0000000000000cd0      0x168 ./Drivers/STM32F4xx_HAL_Driver/Src/stm32f4xx_hal_tim_ex.o
 .debug_aranges
                0x0000000000000e38      0x200 ./Drivers/STM32F4xx_HAL_Driver/Src/stm32f4xx_hal_uart.o

.debug_rnglists
                0x0000000000000000      0xce2
 .debug_rnglists
                0x0000000000000000       0x20 ./Core/Src/PID.o
 .debug_rnglists
                0x0000000000000020       0x7c ./Core/Src/main.o
 .debug_rnglists
                0x000000000000009c       0x4c ./Core/Src/stm32f4xx_hal_msp.o
 .debug_rnglists
                0x00000000000000e8       0x55 ./Core/Src/stm32f4xx_it.o
 .debug_rnglists
                0x000000000000013d       0x1a ./Core/Src/system_stm32f4xx.o
 .debug_rnglists
                0x0000000000000157       0x19 ./Core/Startup/startup_stm32f411ceux.o
 .debug_rnglists
                0x0000000000000170       0xaf ./Drivers/STM32F4xx_HAL_Driver/Src/stm32f4xx_hal.o
 .debug_rnglists
                0x000000000000021f       0xb5 ./Drivers/STM32F4xx_HAL_Driver/Src/stm32f4xx_hal_adc.o
 .debug_rnglists
                0x00000000000002d4       0xce ./Drivers/STM32F4xx_HAL_Driver/Src/stm32f4xx_hal_cortex.o
 .debug_rnglists
                0x00000000000003a2       0x70 ./Drivers/STM32F4xx_HAL_Driver/Src/stm32f4xx_hal_dma.o
 .debug_rnglists
                0x0000000000000412       0x3f ./Drivers/STM32F4xx_HAL_Driver/Src/stm32f4xx_hal_gpio.o
 .debug_rnglists
                0x0000000000000451      0x235 ./Drivers/STM32F4xx_HAL_Driver/Src/stm32f4xx_hal_i2c.o
 .debug_rnglists
                0x0000000000000686       0x66 ./Drivers/STM32F4xx_HAL_Driver/Src/stm32f4xx_hal_rcc.o
 .debug_rnglists
                0x00000000000006ec      0x31a ./Drivers/STM32F4xx_HAL_Driver/Src/stm32f4xx_hal_tim.o
 .debug_rnglists
                0x0000000000000a06      0x125 ./Drivers/STM32F4xx_HAL_Driver/Src/stm32f4xx_hal_tim_ex.o
 .debug_rnglists
                0x0000000000000b2b      0x1b7 ./Drivers/STM32F4xx_HAL_Driver/Src/stm32f4xx_hal_uart.o

.debug_macro    0x0000000000000000    0x17c5a
 .debug_macro   0x0000000000000000       0x1b ./Core/Src/PID.o
 .debug_macro   0x000000000000001b      0xaa8 ./Core/Src/PID.o
 .debug_macro   0x0000000000000ac3      0x36c ./Core/Src/main.o
 .debug_macro   0x0000000000000e2f      0x2a7 ./Core/Src/main.o
 .debug_macro   0x00000000000010d6       0x2e ./Core/Src/main.o
 .debug_macro   0x0000000000001104       0x28 ./Core/Src/main.o
 .debug_macro   0x000000000000112c       0x22 ./Core/Src/main.o
 .debug_macro   0x000000000000114e       0x8e ./Core/Src/main.o
 .debug_macro   0x00000000000011dc       0x51 ./Core/Src/main.o
 .debug_macro   0x000000000000122d      0x103 ./Core/Src/main.o
 .debug_macro   0x0000000000001330       0x6a ./Core/Src/main.o
 .debug_macro   0x000000000000139a      0x1df ./Core/Src/main.o
 .debug_macro   0x0000000000001579       0x1c ./Core/Src/main.o
 .debug_macro   0x0000000000001595       0x22 ./Core/Src/main.o
 .debug_macro   0x00000000000015b7       0xd9 ./Core/Src/main.o
 .debug_macro   0x0000000000001690     0x102d ./Core/Src/main.o
 .debug_macro   0x00000000000026bd      0x11f ./Core/Src/main.o
 .debug_macro   0x00000000000027dc     0xb953 ./Core/Src/main.o
 .debug_macro   0x000000000000e12f       0x6d ./Core/Src/main.o
 .debug_macro   0x000000000000e19c     0x367e ./Core/Src/main.o
 .debug_macro   0x000000000001181a      0x174 ./Core/Src/main.o
 .debug_macro   0x000000000001198e       0x5c ./Core/Src/main.o
 .debug_macro   0x00000000000119ea      0x447 ./Core/Src/main.o
 .debug_macro   0x0000000000011e31      0x9fe ./Core/Src/main.o
 .debug_macro   0x000000000001282f      0x115 ./Core/Src/main.o
 .debug_macro   0x0000000000012944      0x11b ./Core/Src/main.o
 .debug_macro   0x0000000000012a5f       0xa5 ./Core/Src/main.o
 .debug_macro   0x0000000000012b04      0x15f ./Core/Src/main.o
 .debug_macro   0x0000000000012c63      0x287 ./Core/Src/main.o
 .debug_macro   0x0000000000012eea       0x5f ./Core/Src/main.o
 .debug_macro   0x0000000000012f49      0x236 ./Core/Src/main.o
 .debug_macro   0x000000000001317f      0x9e1 ./Core/Src/main.o
 .debug_macro   0x0000000000013b60      0x38b ./Core/Src/main.o
 .debug_macro   0x0000000000013eeb      0x17d ./Core/Src/main.o
 .debug_macro   0x0000000000014068       0xf9 ./Core/Src/main.o
 .debug_macro   0x0000000000014161      0x132 ./Core/Src/main.o
 .debug_macro   0x0000000000014293      0x264 ./Core/Src/main.o
 .debug_macro   0x00000000000144f7       0x2e ./Core/Src/main.o
 .debug_macro   0x0000000000014525      0x1b5 ./Core/Src/main.o
 .debug_macro   0x00000000000146da       0x22 ./Core/Src/main.o
 .debug_macro   0x00000000000146fc       0xd6 ./Core/Src/main.o
 .debug_macro   0x00000000000147d2      0x11a ./Core/Src/main.o
 .debug_macro   0x00000000000148ec       0x85 ./Core/Src/main.o
 .debug_macro   0x0000000000014971       0x89 ./Core/Src/main.o
 .debug_macro   0x00000000000149fa      0x8e6 ./Core/Src/main.o
 .debug_macro   0x00000000000152e0       0x47 ./Core/Src/main.o
 .debug_macro   0x0000000000015327      0x295 ./Core/Src/main.o
 .debug_macro   0x00000000000155bc      0x126 ./Core/Src/main.o
 .debug_macro   0x00000000000156e2       0x28 ./Core/Src/main.o
 .debug_macro   0x000000000001570a       0x61 ./Core/Src/main.o
 .debug_macro   0x000000000001576b       0x2a ./Core/Src/main.o
 .debug_macro   0x0000000000015795       0x43 ./Core/Src/main.o
 .debug_macro   0x00000000000157d8       0x34 ./Core/Src/main.o
 .debug_macro   0x000000000001580c       0x16 ./Core/Src/main.o
 .debug_macro   0x0000000000015822       0x43 ./Core/Src/main.o
 .debug_macro   0x0000000000015865       0x34 ./Core/Src/main.o
 .debug_macro   0x0000000000015899       0x10 ./Core/Src/main.o
 .debug_macro   0x00000000000158a9       0x58 ./Core/Src/main.o
 .debug_macro   0x0000000000015901       0x8e ./Core/Src/main.o
 .debug_macro   0x000000000001598f       0x1c ./Core/Src/main.o
 .debug_macro   0x00000000000159ab      0x177 ./Core/Src/main.o
 .debug_macro   0x0000000000015b22      0x369 ./Core/Src/main.o
 .debug_macro   0x0000000000015e8b       0x10 ./Core/Src/main.o
 .debug_macro   0x0000000000015e9b       0x35 ./Core/Src/main.o
 .debug_macro   0x0000000000015ed0       0x20 ./Core/Src/main.o
 .debug_macro   0x0000000000015ef0       0x1c ./Core/Src/main.o
 .debug_macro   0x0000000000015f0c       0x10 ./Core/Src/main.o
 .debug_macro   0x0000000000015f1c       0x1c ./Core/Src/main.o
 .debug_macro   0x0000000000015f38       0x16 ./Core/Src/main.o
 .debug_macro   0x0000000000015f4e      0x147 ./Core/Src/main.o
 .debug_macro   0x0000000000016095      0x21e ./Core/Src/stm32f4xx_hal_msp.o
 .debug_macro   0x00000000000162b3      0x228 ./Core/Src/stm32f4xx_it.o
 .debug_macro   0x00000000000164db      0x20f ./Core/Src/system_stm32f4xx.o
 .debug_macro   0x00000000000166ea      0x26f ./Drivers/STM32F4xx_HAL_Driver/Src/stm32f4xx_hal.o
 .debug_macro   0x0000000000016959      0x210 ./Drivers/STM32F4xx_HAL_Driver/Src/stm32f4xx_hal_adc.o
 .debug_macro   0x0000000000016b69      0x20f ./Drivers/STM32F4xx_HAL_Driver/Src/stm32f4xx_hal_cortex.o
 .debug_macro   0x0000000000016d78      0x215 ./Drivers/STM32F4xx_HAL_Driver/Src/stm32f4xx_hal_dma.o
 .debug_macro   0x0000000000016f8d      0x215 ./Drivers/STM32F4xx_HAL_Driver/Src/stm32f4xx_hal_gpio.o
 .debug_macro   0x00000000000171a2      0x256 ./Drivers/STM32F4xx_HAL_Driver/Src/stm32f4xx_hal_i2c.o
 .debug_macro   0x00000000000173f8      0x233 ./Drivers/STM32F4xx_HAL_Driver/Src/stm32f4xx_hal_rcc.o
 .debug_macro   0x000000000001762b      0x210 ./Drivers/STM32F4xx_HAL_Driver/Src/stm32f4xx_hal_tim.o
 .debug_macro   0x000000000001783b      0x20f ./Drivers/STM32F4xx_HAL_Driver/Src/stm32f4xx_hal_tim_ex.o
 .debug_macro   0x0000000000017a4a      0x210 ./Drivers/STM32F4xx_HAL_Driver/Src/stm32f4xx_hal_uart.o

.debug_line     0x0000000000000000    0x12a01
 .debug_line    0x0000000000000000       0xd7 ./Core/Src/PID.o
 .debug_line    0x00000000000000d7      0xc48 ./Core/Src/main.o
 .debug_line    0x0000000000000d1f      0x8cf ./Core/Src/stm32f4xx_hal_msp.o
 .debug_line    0x00000000000015ee      0x832 ./Core/Src/stm32f4xx_it.o
 .debug_line    0x0000000000001e20      0x7a9 ./Core/Src/system_stm32f4xx.o
 .debug_line    0x00000000000025c9       0x7a ./Core/Startup/startup_stm32f411ceux.o
 .debug_line    0x0000000000002643      0xa0f ./Drivers/STM32F4xx_HAL_Driver/Src/stm32f4xx_hal.o
 .debug_line    0x0000000000003052     0x11b3 ./Drivers/STM32F4xx_HAL_Driver/Src/stm32f4xx_hal_adc.o
 .debug_line    0x0000000000004205      0xcbe ./Drivers/STM32F4xx_HAL_Driver/Src/stm32f4xx_hal_cortex.o
 .debug_line    0x0000000000004ec3      0xf73 ./Drivers/STM32F4xx_HAL_Driver/Src/stm32f4xx_hal_dma.o
 .debug_line    0x0000000000005e36      0xb47 ./Drivers/STM32F4xx_HAL_Driver/Src/stm32f4xx_hal_gpio.o
 .debug_line    0x000000000000697d     0x39d1 ./Drivers/STM32F4xx_HAL_Driver/Src/stm32f4xx_hal_i2c.o
 .debug_line    0x000000000000a34e      0xd86 ./Drivers/STM32F4xx_HAL_Driver/Src/stm32f4xx_hal_rcc.o
 .debug_line    0x000000000000b0d4     0x34d5 ./Drivers/STM32F4xx_HAL_Driver/Src/stm32f4xx_hal_tim.o
 .debug_line    0x000000000000e5a9     0x19a7 ./Drivers/STM32F4xx_HAL_Driver/Src/stm32f4xx_hal_tim_ex.o
 .debug_line    0x000000000000ff50     0x2ab1 ./Drivers/STM32F4xx_HAL_Driver/Src/stm32f4xx_hal_uart.o

.debug_str      0x0000000000000000    0x9bfbb
 .debug_str     0x0000000000000000     0x2e7f ./Core/Src/PID.o
                                       0x2e85 (size before relaxing)
 .debug_str     0x0000000000002e7f    0x9599d ./Core/Src/main.o
                                      0x98b38 (size before relaxing)
 .debug_str     0x000000000009881c      0x10f ./Core/Src/stm32f4xx_hal_msp.o
                                      0x94e10 (size before relaxing)
 .debug_str     0x000000000009892b      0x14b ./Core/Src/stm32f4xx_it.o
                                      0x944a1 (size before relaxing)
 .debug_str     0x0000000000098a76       0xdb ./Core/Src/system_stm32f4xx.o
                                      0x93d72 (size before relaxing)
 .debug_str     0x0000000000098b51       0x34 ./Core/Startup/startup_stm32f411ceux.o
                                         0x70 (size before relaxing)
 .debug_str     0x0000000000098b85      0x617 ./Drivers/STM32F4xx_HAL_Driver/Src/stm32f4xx_hal.o
                                      0x9479e (size before relaxing)
 .debug_str     0x000000000009919c      0x28f ./Drivers/STM32F4xx_HAL_Driver/Src/stm32f4xx_hal_adc.o
                                      0x9434d (size before relaxing)
 .debug_str     0x000000000009942b      0x326 ./Drivers/STM32F4xx_HAL_Driver/Src/stm32f4xx_hal_cortex.o
                                      0x944bf (size before relaxing)
 .debug_str     0x0000000000099751      0x2d5 ./Drivers/STM32F4xx_HAL_Driver/Src/stm32f4xx_hal_dma.o
                                      0x9417a (size before relaxing)
 .debug_str     0x0000000000099a26      0x11c ./Drivers/STM32F4xx_HAL_Driver/Src/stm32f4xx_hal_gpio.o
                                      0x93eed (size before relaxing)
 .debug_str     0x0000000000099b42      0xa87 ./Drivers/STM32F4xx_HAL_Driver/Src/stm32f4xx_hal_i2c.o
                                      0x94d30 (size before relaxing)
 .debug_str     0x000000000009a5c9      0x213 ./Drivers/STM32F4xx_HAL_Driver/Src/stm32f4xx_hal_rcc.o
                                      0x941a6 (size before relaxing)
 .debug_str     0x000000000009a7dc      0xd5b ./Drivers/STM32F4xx_HAL_Driver/Src/stm32f4xx_hal_tim.o
                                      0x950da (size before relaxing)
 .debug_str     0x000000000009b537      0x503 ./Drivers/STM32F4xx_HAL_Driver/Src/stm32f4xx_hal_tim_ex.o
                                      0x948f6 (size before relaxing)
 .debug_str     0x000000000009ba3a      0x581 ./Drivers/STM32F4xx_HAL_Driver/Src/stm32f4xx_hal_uart.o
                                      0x94733 (size before relaxing)

.debug_frame    0x0000000000000000     0x4774
 .debug_frame   0x0000000000000000       0x88 ./Core/Src/PID.o
 .debug_frame   0x0000000000000088      0x23c ./Core/Src/main.o
 .debug_frame   0x00000000000002c4      0x17c ./Core/Src/stm32f4xx_hal_msp.o
 .debug_frame   0x0000000000000440      0x158 ./Core/Src/stm32f4xx_it.o
 .debug_frame   0x0000000000000598       0x58 ./Core/Src/system_stm32f4xx.o
 .debug_frame   0x00000000000005f0      0x374 ./Drivers/STM32F4xx_HAL_Driver/Src/stm32f4xx_hal.o
 .debug_frame   0x0000000000000964      0x3fc ./Drivers/STM32F4xx_HAL_Driver/Src/stm32f4xx_hal_adc.o
 .debug_frame   0x0000000000000d60      0x498 ./Drivers/STM32F4xx_HAL_Driver/Src/stm32f4xx_hal_cortex.o
 .debug_frame   0x00000000000011f8      0x250 ./Drivers/STM32F4xx_HAL_Driver/Src/stm32f4xx_hal_dma.o
 .debug_frame   0x0000000000001448      0x14c ./Drivers/STM32F4xx_HAL_Driver/Src/stm32f4xx_hal_gpio.o
 .debug_frame   0x0000000000001594      0xc5c ./Drivers/STM32F4xx_HAL_Driver/Src/stm32f4xx_hal_i2c.o
 .debug_frame   0x00000000000021f0      0x1f4 ./Drivers/STM32F4xx_HAL_Driver/Src/stm32f4xx_hal_rcc.o
 .debug_frame   0x00000000000023e4     0x11bc ./Drivers/STM32F4xx_HAL_Driver/Src/stm32f4xx_hal_tim.o
 .debug_frame   0x00000000000035a0      0x638 ./Drivers/STM32F4xx_HAL_Driver/Src/stm32f4xx_hal_tim_ex.o
 .debug_frame   0x0000000000003bd8      0x92c ./Drivers/STM32F4xx_HAL_Driver/Src/stm32f4xx_hal_uart.o
 .debug_frame   0x0000000000004504       0x20 /opt/st/stm32cubeide_1.14.0/plugins/com.st.stm32cube.ide.mcu.externaltools.gnu-tools-for-stm32.11.3.rel1.linux64_1.1.100.202309141235/tools/bin/../lib/gcc/arm-none-eabi/11.3.1/../../../../arm-none-eabi/lib/thumb/v7e-m+fp/hard/libc_nano.a(libc_a-memset.o)
 .debug_frame   0x0000000000004524       0x2c /opt/st/stm32cubeide_1.14.0/plugins/com.st.stm32cube.ide.mcu.externaltools.gnu-tools-for-stm32.11.3.rel1.linux64_1.1.100.202309141235/tools/bin/../lib/gcc/arm-none-eabi/11.3.1/../../../../arm-none-eabi/lib/thumb/v7e-m+fp/hard/libc_nano.a(libc_a-init.o)
 .debug_frame   0x0000000000004550       0x30 /opt/st/stm32cubeide_1.14.0/plugins/com.st.stm32cube.ide.mcu.externaltools.gnu-tools-for-stm32.11.3.rel1.linux64_1.1.100.202309141235/tools/bin/../lib/gcc/arm-none-eabi/11.3.1/thumb/v7e-m+fp/hard/libgcc.a(_arm_muldf3.o)
 .debug_frame   0x0000000000004580       0xac /opt/st/stm32cubeide_1.14.0/plugins/com.st.stm32cube.ide.mcu.externaltools.gnu-tools-for-stm32.11.3.rel1.linux64_1.1.100.202309141235/tools/bin/../lib/gcc/arm-none-eabi/11.3.1/thumb/v7e-m+fp/hard/libgcc.a(_arm_addsubdf3.o)
 .debug_frame   0x000000000000462c       0xc4 /opt/st/stm32cubeide_1.14.0/plugins/com.st.stm32cube.ide.mcu.externaltools.gnu-tools-for-stm32.11.3.rel1.linux64_1.1.100.202309141235/tools/bin/../lib/gcc/arm-none-eabi/11.3.1/thumb/v7e-m+fp/hard/libgcc.a(_arm_cmpdf2.o)
 .debug_frame   0x00000000000046f0       0x24 /opt/st/stm32cubeide_1.14.0/plugins/com.st.stm32cube.ide.mcu.externaltools.gnu-tools-for-stm32.11.3.rel1.linux64_1.1.100.202309141235/tools/bin/../lib/gcc/arm-none-eabi/11.3.1/thumb/v7e-m+fp/hard/libgcc.a(_arm_truncdfsf2.o)
 .debug_frame   0x0000000000004714       0x2c /opt/st/stm32cubeide_1.14.0/plugins/com.st.stm32cube.ide.mcu.externaltools.gnu-tools-for-stm32.11.3.rel1.linux64_1.1.100.202309141235/tools/bin/../lib/gcc/arm-none-eabi/11.3.1/thumb/v7e-m+fp/hard/libgcc.a(_aeabi_uldivmod.o)
 .debug_frame   0x0000000000004740       0x34 /opt/st/stm32cubeide_1.14.0/plugins/com.st.stm32cube.ide.mcu.externaltools.gnu-tools-for-stm32.11.3.rel1.linux64_1.1.100.202309141235/tools/bin/../lib/gcc/arm-none-eabi/11.3.1/thumb/v7e-m+fp/hard/libgcc.a(_udivmoddi4.o)

.debug_line_str
                0x0000000000000000       0x64
 .debug_line_str
                0x0000000000000000       0x64 ./Core/Startup/startup_stm32f411ceux.o
                                         0x7c (size before relaxing)
