../Core/Src/main.c:103:5:check	32	static
../Core/Src/main.c:137:6:tryb_objetosc	40	static
../Core/Src/main.c:204:6:tryb_cisnienie	40	static
../Core/Src/main.c:255:6:HAL_ADC_ConvCpltCallback	24	static
../Core/Src/main.c:282:6:HAL_I2C_MasterRxCpltCallback	24	static
../Core/Src/main.c:320:6:HAL_TIM_PeriodElapsedCallback	16	static
../Core/Src/main.c:338:6:HAL_SPI_TxRxCpltCallback	16	static
../Core/Src/main.c:375:5:main	24	static
../Core/Src/main.c:437:6:SystemClock_Config	88	static
../Core/Src/main.c:481:13:MX_ADC1_Init	24	static
../Core/Src/main.c:538:13:MX_I2C3_Init	8	static
../Core/Src/main.c:570:13:MX_SPI1_Init	8	static
../Core/Src/main.c:605:13:MX_TIM9_Init	24	static
../Core/Src/main.c:640:13:MX_TIM10_Init	40	static
../Core/Src/main.c:683:13:MX_TIM11_Init	8	static
../Core/Src/main.c:710:13:MX_DMA_Init	16	static
../Core/Src/main.c:727:13:MX_GPIO_Init	40	static
../Core/Src/main.c:754:6:Error_Handler	4	static,ignoring_inline_asm
